
[1m[46m RUN [49m[22m [36mv4.1.2 [39m[90mD:/zily/ai_studio/refactor-ai-daily-[39m

 [32m鉁?[39m src/services/discussion/__tests__/expertPrompts.test.ts[2m > [22mexpertPrompts[2m > [22mgetExpertPrompt[2m > [22mgenerates prompt for Deep Research Specialist[32m 57[2mms[22m[39m
 [32m鉁?[39m src/services/discussion/__tests__/expertPrompts.test.ts[2m > [22mexpertPrompts[2m > [22mgetExpertPrompt[2m > [22mgenerates prompt for Technical Analyst[32m 1[2mms[22m[39m
 [32m鉁?[39m src/services/discussion/__tests__/expertPrompts.test.ts[2m > [22mexpertPrompts[2m > [22mgetExpertPrompt[2m > [22mgenerates prompt for Fundamental Analyst[32m 1[2mms[22m[39m
 [32m鉁?[39m src/services/discussion/__tests__/expertPrompts.test.ts[2m > [22mexpertPrompts[2m > [22mgetExpertPrompt[2m > [22mgenerates prompt for Sentiment Analyst[32m 1[2mms[22m[39m
 [32m鉁?[39m src/services/discussion/__tests__/expertPrompts.test.ts[2m > [22mexpertPrompts[2m > [22mgetExpertPrompt[2m > [22mgenerates prompt for Risk Manager[32m 1[2mms[22m[39m
 [32m鉁?[39m src/services/discussion/__tests__/expertPrompts.test.ts[2m > [22mexpertPrompts[2m > [22mgetExpertPrompt[2m > [22mgenerates prompt for Contrarian Strategist[32m 1[2mms[22m[39m
 [32m鉁?[39m src/services/discussion/__tests__/expertPrompts.test.ts[2m > [22mexpertPrompts[2m > [22mgetExpertPrompt[2m > [22mgenerates prompt for Professional Reviewer[32m 1[2mms[22m[39m
 [32m鉁?[39m src/services/discussion/__tests__/expertPrompts.test.ts[2m > [22mexpertPrompts[2m > [22mgetExpertPrompt[2m > [22mgenerates prompt for Chief Strategist[32m 1[2mms[22m[39m
 [32m鉁?[39m src/services/discussion/__tests__/expertPrompts.test.ts[2m > [22mexpertPrompts[2m > [22mgetExpertPrompt[2m > [22mincludes previous round context when available[32m 1[2mms[22m[39m
 [32m鉁?[39m src/services/discussion/__tests__/expertPrompts.test.ts[2m > [22mexpertPrompts[2m > [22mgetExpertPrompt[2m > [22mincludes commodities data when provided[32m 1[2mms[22m[39m
 [32m鉁?[39m src/services/discussion/__tests__/expertPrompts.test.ts[2m > [22mexpertPrompts[2m > [22mgetExpertPrompt[2m > [22mincludes backtest context when provided[32m 1[2mms[22m[39m
 [32m鉁?[39m src/services/discussion/__tests__/expertPrompts.test.ts[2m > [22mexpertPrompts[2m > [22mgetExpertPrompt[2m > [22mreturns different prompts for different roles[32m 3[2mms[22m[39m
 [31m脳[39m src/services/discussion/__tests__/expertPrompts.test.ts[2m > [22mexpertPrompts[2m > [22mgetExpertResponseSchema[2m > [22mreturns schema for Deep Research Specialist[32m 76[2mms[22m[39m
[31m   鈫?expected 'OBJECT' to be 'object' // Object.is equality[39m
 [31m脳[39m src/services/discussion/__tests__/expertPrompts.test.ts[2m > [22mexpertPrompts[2m > [22mgetExpertResponseSchema[2m > [22mreturns schema for Technical Analyst[32m 22[2mms[22m[39m
[31m   鈫?expected 'OBJECT' to be 'object' // Object.is equality[39m
 [31m脳[39m src/services/discussion/__tests__/expertPrompts.test.ts[2m > [22mexpertPrompts[2m > [22mgetExpertResponseSchema[2m > [22mreturns schema for Fundamental Analyst[32m 2[2mms[22m[39m
[31m   鈫?expected 'OBJECT' to be 'object' // Object.is equality[39m
 [31m脳[39m src/services/discussion/__tests__/expertPrompts.test.ts[2m > [22mexpertPrompts[2m > [22mgetExpertResponseSchema[2m > [22mreturns schema for Sentiment Analyst[32m 1[2mms[22m[39m
[31m   鈫?expected 'OBJECT' to be 'object' // Object.is equality[39m
 [31m脳[39m src/services/discussion/__tests__/expertPrompts.test.ts[2m > [22mexpertPrompts[2m > [22mgetExpertResponseSchema[2m > [22mreturns schema for Risk Manager[32m 2[2mms[22m[39m
[31m   鈫?expected 'OBJECT' to be 'object' // Object.is equality[39m
 [31m脳[39m src/services/discussion/__tests__/expertPrompts.test.ts[2m > [22mexpertPrompts[2m > [22mgetExpertResponseSchema[2m > [22mreturns schema for Contrarian Strategist[32m 1[2mms[22m[39m
[31m   鈫?expected 'OBJECT' to be 'object' // Object.is equality[39m
 [31m脳[39m src/services/discussion/__tests__/expertPrompts.test.ts[2m > [22mexpertPrompts[2m > [22mgetExpertResponseSchema[2m > [22mreturns schema for Professional Reviewer[32m 2[2mms[22m[39m
[31m   鈫?expected 'OBJECT' to be 'object' // Object.is equality[39m
 [31m脳[39m src/services/discussion/__tests__/expertPrompts.test.ts[2m > [22mexpertPrompts[2m > [22mgetExpertResponseSchema[2m > [22mreturns schema for Chief Strategist[32m 1[2mms[22m[39m
[31m   鈫?expected 'OBJECT' to be 'object' // Object.is equality[39m
 [32m鉁?[39m src/services/discussion/__tests__/expertPrompts.test.ts[2m > [22mexpertPrompts[2m > [22mgetExpertResponseSchema[2m > [22mDeep Research Specialist schema includes coreVariables[32m 1[2mms[22m[39m
 [32m鉁?[39m src/services/discussion/__tests__/expertPrompts.test.ts[2m > [22mexpertPrompts[2m > [22mgetExpertResponseSchema[2m > [22mChief Strategist schema includes tradingPlan[32m 0[2mms[22m[39m
 [32m鉁?[39m src/services/discussion/__tests__/expertPrompts.test.ts[2m > [22mexpertPrompts[2m > [22mgetExpertResponseSchema[2m > [22mRisk Manager schema includes quantifiedRisks[32m 0[2mms[22m[39m
 [32m鉁?[39m src/test/TradingPlan.test.tsx[2m > [22mTradingPlan Component[2m > [22mshould render trading plan details correctly[32m 142[2mms[22m[39m
 [32m鉁?[39m src/test/TradingPlan.test.tsx[2m > [22mTradingPlan Component[2m > [22mshould not render if plan is missing[32m 5[2mms[22m[39m
 [32m鉁?[39m src/components/__tests__/ErrorBoundary.test.tsx[2m > [22mErrorBoundary[2m > [22mshould render children when no error[32m 87[2mms[22m[39m
 [32m鉁?[39m src/components/__tests__/ErrorBoundary.test.tsx[2m > [22mErrorBoundary[2m > [22mshould render default fallback when child throws[32m 49[2mms[22m[39m
 [32m鉁?[39m src/components/__tests__/ErrorBoundary.test.tsx[2m > [22mErrorBoundary[2m > [22mshould render string fallback when provided[32m 11[2mms[22m[39m
 [32m鉁?[39m src/components/__tests__/ErrorBoundary.test.tsx[2m > [22mErrorBoundary[2m > [22mshould render custom ReactNode fallback[32m 17[2mms[22m[39m
 [32m鉁?[39m src/components/__tests__/ErrorBoundary.test.tsx[2m > [22mErrorBoundary[2m > [22mshould call onError callback when error occurs[32m 12[2mms[22m[39m
 [32m鉁?[39m src/components/__tests__/ErrorBoundary.test.tsx[2m > [22mErrorBoundary[2m > [22mshould recover when retry is clicked[32m 30[2mms[22m[39m
node.exe : [90mstderr[2m
 | src/test/commodityPromp
t.test.ts[2m > [22m[2mA
I Discussion Commodity Dat
a Integration[2m > [22m
[2mshould include real-tim
e commodity data in the pr
ompt
所在位置 行:1 字符: 1
+ & "C:\Program Files\node
js/node.exe" "C:\Program F
iles\nodejs/node_mo ...
+ ~~~~~~~~~~~~~~~~~~~~~~~~
~~~~~~~~~~~~~~~~~~~~~~~~~~
~~~~~~~~~~~~~~~~~~~
    + CategoryInfo        
      : NotSpecified: (  
  [90mstderr[2m...a in   
  the prompt:String) [    
], RemoteException
    + FullyQualifiedError 
   Id : NativeCommandErr  
  or
 
[22m[39mFailed to fetch 
history context: TypeError
: response.text is not a f
unction
    at getHistoryContext (
D:/zily/ai_studio/refactor
-ai-daily-/src/services/ad
minService.ts:12:35)
[90m    at processTicksAn
dRejections (node:internal
/process/task_queues:104:5
)[39m
    at getPreviousStockAna
lysis (D:/zily/ai_studio/r
efactor-ai-daily-/src/serv
ices/adminService.ts:31:21
)
    at D:/zily/ai_studio/r
efactor-ai-daily-/src/serv
ices/discussionService.ts:
373:30
    at Module.startAgentDi
scussion (D:/zily/ai_studi
o/refactor-ai-daily-/src/s
ervices/discussionService.
ts:372:52)
    at D:/zily/ai_studio/r
efactor-ai-daily-/src/test
/commodityPrompt.test.ts:6
9:5
    at [90mfile:///D:/zil
y/ai_studio/refactor-ai-da
ily-/[39mnode_modules/[4
m@vitest/runner[24m/dist/
chunk-artifact.js:1893:20

[90mstderr[2m | src/serv
ices/discussion/__tests__/
multiRoundDiscussion.test.
ts[2m > [22m[2mstartMul
tiRoundDiscussion[2m > [
22m[2mdeep mode calls exp
erts following [DR 鈫?TA+FA
 鈫?SA+RM+CS 鈫?Reviewer] 脳3
 鈫?CS pattern
[22m[39mFailed to fetch 
history context: TypeError
: response.text is not a f
unction
    at getHistoryContext (
D:/zily/ai_studio/refactor
-ai-daily-/src/services/ad
minService.ts:12:35)
[90m    at processTicksAn
dRejections (node:internal
/process/task_queues:104:5
)[39m
    at getPreviousStockAna
lysis (D:/zily/ai_studio/r
efactor-ai-daily-/src/serv
ices/adminService.ts:31:21
)
    at Module.startMultiRo
undDiscussion (D:/zily/ai_
studio/refactor-ai-daily-/
src/services/discussionSer
vice.ts:66:28)
    at D:/zily/ai_studio/r
efactor-ai-daily-/src/serv
ices/discussion/__tests__/
multiRoundDiscussion.test.
ts:75:20
    at [90mfile:///D:/zil
y/ai_studio/refactor-ai-da
ily-/[39mnode_modules/[4
m@vitest/runner[24m/dist/
chunk-artifact.js:1893:20

[90mstderr[2m | src/test
/deepResearchSpecialist.te
st.ts[2m > [22m[2mDeep 
Research Specialist Prompt
 Requirements[2m > [22m
[2mshould contain dynamic 
indicator selection and cr
oss-verification instructi
ons
[22m[39mFailed to fetch 
history context: TypeError
: response.text is not a f
unction
    at getHistoryContext (
D:/zily/ai_studio/refactor
-ai-daily-/src/services/ad
minService.ts:12:35)
[90m    at processTicksAn
dRejections (node:internal
/process/task_queues:104:5
)[39m
    at getPreviousStockAna
lysis (D:/zily/ai_studio/r
efactor-ai-daily-/src/serv
ices/adminService.ts:31:21
)
    at D:/zily/ai_studio/r
efactor-ai-daily-/src/serv
ices/discussionService.ts:
373:30
    at Module.startAgentDi
scussion (D:/zily/ai_studi
o/refactor-ai-daily-/src/s
ervices/discussionService.
ts:372:52)
    at D:/zily/ai_studio/r
efactor-ai-daily-/src/test
/deepResearchSpecialist.te
st.ts:64:5
    at [90mfile:///D:/zil
y/ai_studio/refactor-ai-da
ily-/[39mnode_modules/[4
m@vitest/runner[24m/dist/
chunk-artifact.js:1893:20

 [32m鉁?[39m src/components/__tests__/HistoryModal.test.tsx[2m > [22mHistoryModal Component[2m > [22mrenders history items correctly[33m 511[2mms[22m[39m
 [32m鉁?[39m src/components/__tests__/HistoryModal.test.tsx[2m > [22mHistoryModal Component[2m > [22mhandles items without IDs by generating unique keys[32m 67[2mms[22m[39m
[90mstderr[2m | src/test
/commodityPrompt.test.ts[
2m > [22m[2mAI Discussio
n Commodity Data Integrati
on[2m > [22m[2mshould f
etch commodities from the 
correct API endpoint
[22m[39mFailed to fetch 
history context: TypeError
: response.text is not a f
unction
    at getHistoryContext (
D:/zily/ai_studio/refactor
-ai-daily-/src/services/ad
minService.ts:12:35)
    at getPreviousStockAna
lysis (D:/zily/ai_studio/r
efactor-ai-daily-/src/serv
ices/adminService.ts:31:21
)
    at D:/zily/ai_studio/r
efactor-ai-daily-/src/serv
ices/discussionService.ts:
373:30
    at Module.startAgentDi
scussion (D:/zily/ai_studi
o/refactor-ai-daily-/src/s
ervices/discussionService.
ts:372:52)
    at D:/zily/ai_studio/r
efactor-ai-daily-/src/test
/commodityPrompt.test.ts:8
6:5
    at [90mfile:///D:/zil
y/ai_studio/refactor-ai-da
ily-/[39mnode_modules/[4
m@vitest/runner[24m/dist/
chunk-artifact.js:1893:20

 [31m脳[39m src/test/deepResearchSpecialist.test.ts[2m > [22mDeep Research Specialist Prompt Requirements[2m > [22mshould contain dynamic indicator selection and cross-verification instructions[33m 2071[2mms[22m[39m
[31m   鈫?Cannot read properties of undefined (reading 'entries')[39m
 [31m脳[39m src/test/commodityPrompt.test.ts[2m > [22mAI Discussion Commodity Data Integration[2m > [22mshould include real-time commodity data in the prompt[33m 2072[2mms[22m[39m
[31m   鈫?Cannot read properties of undefined (reading 'entries')[39m
[90mstderr[2m | src/serv
ices/__tests__/dateUtils.t
est.ts[2m > [22m[2mdate
Utils[2m > [22m[2mgetBe
ijingDate[2m > [22m[2ms
hould fall back to local d
ate if toLocaleDateString 
fails
[22m[39mFailed to get Be
ijing date, falling back t
o local date: Error: Inval
id timezone
    at Date.<anonymous> (D
:/zily/ai_studio/refactor-
ai-daily-/src/services/__t
ests__/dateUtils.test.ts:1
7:17)
    at Date.toLocaleDateSt
ring [90m(file:///D:/zily
/ai_studio/refactor-ai-dai
ly-/[39mnode_modules/[4m
@vitest/spy[24m/dist/inde
x.js:332:34[90m)[39m
    at getBeijingDate (D:/
zily/ai_studio/refactor-ai
-daily-/src/services/dateU
tils.ts:7:17)
    at D:/zily/ai_studio/r
efactor-ai-daily-/src/serv
ices/__tests__/dateUtils.t
est.ts:22:25
    at [90mfile:///D:/zil
y/ai_studio/refactor-ai-da
ily-/[39mnode_modules/[4
m@vitest/runner[24m/dist/
chunk-artifact.js:302:11
    at [90mfile:///D:/zil
y/ai_studio/refactor-ai-da
ily-/[39mnode_modules/[4
m@vitest/runner[24m/dist/
chunk-artifact.js:1893:26
    at [90mfile:///D:/zil
y/ai_studio/refactor-ai-da
ily-/[39mnode_modules/[4
m@vitest/runner[24m/dist/
chunk-artifact.js:2316:20
    at new Promise (<anony
mous>)
    at runWithCancel [90m
(file:///D:/zily/ai_studio
/refactor-ai-daily-/[39mn
ode_modules/[4m@vitest/ru
nner[24m/dist/chunk-artif
act.js:2313:10[90m)[39m
    at [90mfile:///D:/zil
y/ai_studio/refactor-ai-da
ily-/[39mnode_modules/[4
m@vitest/runner[24m/dist/
chunk-artifact.js:2295:20

 [32m鉁?[39m src/services/__tests__/dateUtils.test.ts[2m > [22mdateUtils[2m > [22mgetBeijingDate[2m > [22mshould format date correctly[32m 51[2mms[22m[39m
 [32m鉁?[39m src/services/__tests__/dateUtils.test.ts[2m > [22mdateUtils[2m > [22mgetBeijingDate[2m > [22mshould fall back to local date if toLocaleDateString fails[32m 12[2mms[22m[39m
 [32m鉁?[39m src/services/__tests__/dateUtils.test.ts[2m > [22mdateUtils[2m > [22mgenerateHistoryItemKey[2m > [22mshould use item.id if available[32m 1[2mms[22m[39m
 [32m鉁?[39m src/services/__tests__/dateUtils.test.ts[2m > [22mdateUtils[2m > [22mgenerateHistoryItemKey[2m > [22mshould generate a composite key if id is missing[32m 0[2mms[22m[39m
 [32m鉁?[39m src/services/__tests__/dateUtils.test.ts[2m > [22mdateUtils[2m > [22mgenerateHistoryItemKey[2m > [22mshould handle missing stockInfo gracefully[32m 0[2mms[22m[39m
[90mstderr[2m | src/serv
ices/__tests__/schemas.tes
t.ts[2m > [22m[2mschema
s[2m > [22m[2mvalidateR
esponse[2m > [22m[2msho
uld throw on failed valida
tion with details
[22m[39m[Validation] Tes
t failed: [
  {
    origin: [32m'array'[
39m,
    code: [32m'too_small'
[39m,
    minimum: [33m1[39m,
    inclusive: [33mtrue[
39m,
    path: [ [32m'indices'
[39m ],
    message: [32m'Too sma
ll: expected array to have
 >=1 items'[39m
  }
]

 [32m鉁?[39m src/services/__tests__/schemas.test.ts[2m > [22mschemas[2m > [22mStockAnalysisSchema[2m > [22mshould validate a complete valid analysis[32m 11[2mms[22m[39m
 [32m鉁?[39m src/services/__tests__/schemas.test.ts[2m > [22mschemas[2m > [22mStockAnalysisSchema[2m > [22mshould passthrough unknown fields[32m 1[2mms[22m[39m
 [32m鉁?[39m src/services/__tests__/schemas.test.ts[2m > [22mschemas[2m > [22mStockAnalysisSchema[2m > [22mshould use catch defaults for missing sentiment[32m 2[2mms[22m[39m
 [32m鉁?[39m src/services/__tests__/schemas.test.ts[2m > [22mschemas[2m > [22mStockAnalysisSchema[2m > [22mshould use catch default for out-of-range score[32m 1[2mms[22m[39m
 [32m鉁?[39m src/services/__tests__/schemas.test.ts[2m > [22mschemas[2m > [22mStockAnalysisSchema[2m > [22mshould use catch default for invalid recommendation[32m 1[2mms[22m[39m
 [32m鉁?[39m src/services/__tests__/schemas.test.ts[2m > [22mschemas[2m > [22mStockAnalysisSchema[2m > [22mshould fail when stockInfo is missing[32m 1[2mms[22m[39m
 [32m鉁?[39m src/services/__tests__/schemas.test.ts[2m > [22mschemas[2m > [22mStockAnalysisSchema[2m > [22mshould fail when stockInfo.symbol is missing[32m 1[2mms[22m[39m
 [32m鉁?[39m src/services/__tests__/schemas.test.ts[2m > [22mschemas[2m > [22mAgentDiscussionSchema[2m > [22mshould validate a valid discussion[32m 3[2mms[22m[39m
 [32m鉁?[39m src/services/__tests__/schemas.test.ts[2m > [22mschemas[2m > [22mAgentDiscussionSchema[2m > [22mshould passthrough extra discussion fields[32m 2[2mms[22m[39m
 [32m鉁?[39m src/services/__tests__/schemas.test.ts[2m > [22mschemas[2m > [22mAgentDiscussionSchema[2m > [22mshould fail when messages array is missing[32m 1[2mms[22m[39m
 [32m鉁?[39m src/services/__tests__/schemas.test.ts[2m > [22mschemas[2m > [22mMarketOverviewSchema[2m > [22mshould validate a valid market overview[32m 2[2mms[22m[39m
 [32m鉁?[39m src/services/__tests__/schemas.test.ts[2m > [22mschemas[2m > [22mMarketOverviewSchema[2m > [22mshould fail when indices is empty[32m 1[2mms[22m[39m
 [32m鉁?[39m src/services/__tests__/schemas.test.ts[2m > [22mschemas[2m > [22mMarketOverviewSchema[2m > [22mshould use catch defaults for missing arrays[32m 2[2mms[22m[39m
 [32m鉁?[39m src/services/__tests__/schemas.test.ts[2m > [22mschemas[2m > [22mvalidateResponse[2m > [22mshould return data on successful validation[32m 1[2mms[22m[39m
 [32m鉁?[39m src/services/__tests__/schemas.test.ts[2m > [22mschemas[2m > [22mvalidateResponse[2m > [22mshould throw on failed validation with details[32m 7[2mms[22m[39m
 [32m鉁?[39m src/services/__tests__/analysisCache.test.ts[2m > [22mAnalysisCache[2m > [22mreturns undefined for cache miss[32m 8[2mms[22m[39m
 [32m鉁?[39m src/services/__tests__/analysisCache.test.ts[2m > [22mAnalysisCache[2m > [22mcaches and retrieves analysis for same symbol[32m 4[2mms[22m[39m
 [32m鉁?[39m src/services/__tests__/analysisCache.test.ts[2m > [22mAnalysisCache[2m > [22mreturns cached data within TTL (5 minutes)[32m 2[2mms[22m[39m
 [32m鉁?[39m src/services/__tests__/analysisCache.test.ts[2m > [22mAnalysisCache[2m > [22mreturns undefined after TTL expires (5 minutes)[32m 1[2mms[22m[39m
 [32m鉁?[39m src/services/__tests__/analysisCache.test.ts[2m > [22mAnalysisCache[2m > [22moverwrites existing cache entry[32m 1[2mms[22m[39m
 [32m鉁?[39m src/services/__tests__/analysisCache.test.ts[2m > [22mAnalysisCache[2m > [22mcaches different symbols independently[32m 1[2mms[22m[39m
 [32m鉁?[39m src/services/__tests__/analysisCache.test.ts[2m > [22mAnalysisCache[2m > [22mclears all cached entries[32m 1[2mms[22m[39m
 [32m鉁?[39m src/services/__tests__/analysisCache.test.ts[2m > [22mAnalysisCache[2m > [22minvalidates a specific symbol[32m 1[2mms[22m[39m
 [32m鉁?[39m src/services/__tests__/analysisCache.test.ts[2m > [22mAnalysisCache[2m > [22msupports custom TTL[32m 1[2mms[22m[39m
 [32m鉁?[39m src/services/__tests__/analysisCache.test.ts[2m > [22mAnalysisCache[2m > [22mreports cache size[32m 1[2mms[22m[39m
[90mstderr[2m | src/serv
ices/discussion/__tests__/
multiRoundDiscussion.test.
ts[2m > [22m[2mstartMul
tiRoundDiscussion[2m > [
22m[2mstandard mode runs 
single iteration (no repet
ition)
[22m[39mFailed to fetch 
history context: TypeError
: response.text is not a f
unction
    at getHistoryContext (
D:/zily/ai_studio/refactor
-ai-daily-/src/services/ad
minService.ts:12:35)
    at getPreviousStockAna
lysis (D:/zily/ai_studio/r
efactor-ai-daily-/src/serv
ices/adminService.ts:31:21
)
    at Module.startMultiRo
undDiscussion (D:/zily/ai_
studio/refactor-ai-daily-/
src/services/discussionSer
vice.ts:66:28)
    at D:/zily/ai_studio/r
efactor-ai-daily-/src/serv
ices/discussion/__tests__/
multiRoundDiscussion.test.
ts:109:20
    at [90mfile:///D:/zil
y/ai_studio/refactor-ai-da
ily-/[39mnode_modules/[4
m@vitest/runner[24m/dist/
chunk-artifact.js:1893:20

 [31m脳[39m src/test/commodityPrompt.test.ts[2m > [22mAI Discussion Commodity Data Integration[2m > [22mshould fetch commodities from the correct API endpoint[33m 2030[2mms[22m[39m
[31m   鈫?Cannot read properties of undefined (reading 'entries')[39m
 [31m脳[39m src/services/discussion/__tests__/multiRoundDiscussion.test.ts[2m > [22mstartMultiRoundDiscussion[2m > [22mdeep mode calls experts following [DR 鈫?TA+FA 鈫?SA+RM+CS 鈫?Reviewer] 脳3 鈫?CS pattern[33m 4143[2mms[22m[39m
[31m   鈫?Cannot read properties of undefined (reading 'entries')[39m
 [32m鉁?[39m src/stores/__tests__/useScenarioStore.test.ts[2m > [22museScenarioStore[2m > [22mshould have correct initial state[32m 9[2mms[22m[39m
 [32m鉁?[39m src/stores/__tests__/useScenarioStore.test.ts[2m > [22museScenarioStore[2m > [22mshould set scenarios[32m 2[2mms[22m[39m
 [32m鉁?[39m src/stores/__tests__/useScenarioStore.test.ts[2m > [22museScenarioStore[2m > [22mshould set sensitivity factors[32m 1[2mms[22m[39m
 [32m鉁?[39m src/stores/__tests__/useScenarioStore.test.ts[2m > [22museScenarioStore[2m > [22mshould set expectation gap[32m 1[2mms[22m[39m
 [32m鉁?[39m src/stores/__tests__/useScenarioStore.test.ts[2m > [22museScenarioStore[2m > [22mshould set data freshness status[32m 1[2mms[22m[39m
 [32m鉁?[39m src/stores/__tests__/useScenarioStore.test.ts[2m > [22museScenarioStore[2m > [22mshould set backtest result[32m 1[2mms[22m[39m
 [32m鉁?[39m src/stores/__tests__/useScenarioStore.test.ts[2m > [22museScenarioStore[2m > [22mshould set scenario results from AgentDiscussion[32m 2[2mms[22m[39m
 [32m鉁?[39m src/stores/__tests__/useScenarioStore.test.ts[2m > [22museScenarioStore[2m > [22mshould reset scenario to initial state[32m 1[2mms[22m[39m
 [32m鉁?[39m src/services/__tests__/dataFreshness.test.ts[2m > [22mdataFreshness[2m > [22mgetDataFreshness[2m > [22mreturns fresh (馃煝) for data less than 5 minutes old[32m 10[2mms[22m[39m
 [32m鉁?[39m src/services/__tests__/dataFreshness.test.ts[2m > [22mdataFreshness[2m > [22mgetDataFreshness[2m > [22mreturns delayed (馃煛) for data 5-30 minutes old[32m 1[2mms[22m[39m
 [32m鉁?[39m src/services/__tests__/dataFreshness.test.ts[2m > [22mdataFreshness[2m > [22mgetDataFreshness[2m > [22mreturns stale (馃敶) for data over 30 minutes old[32m 1[2mms[22m[39m
 [32m鉁?[39m src/services/__tests__/dataFreshness.test.ts[2m > [22mdataFreshness[2m > [22mgetDataFreshness[2m > [22mreturns stale for empty/undefined timestamp[32m 1[2mms[22m[39m
 [32m鉁?[39m src/services/__tests__/dataFreshness.test.ts[2m > [22mdataFreshness[2m > [22mgetDataFreshness[2m > [22mreturns stale for invalid timestamp[32m 1[2mms[22m[39m
 [32m鉁?[39m src/services/__tests__/dataFreshness.test.ts[2m > [22mdataFreshness[2m > [22mgetDataFreshness[2m > [22mreturns fresh at exactly 0 minutes[32m 1[2mms[22m[39m
 [32m鉁?[39m src/services/__tests__/dataFreshness.test.ts[2m > [22mdataFreshness[2m > [22mgetDataFreshness[2m > [22mreturns fresh at exactly 4 minutes 59 seconds[32m 1[2mms[22m[39m
 [32m鉁?[39m src/services/__tests__/dataFreshness.test.ts[2m > [22mdataFreshness[2m > [22mgetDataFreshness[2m > [22mreturns delayed at exactly 5 minutes[32m 1[2mms[22m[39m
 [32m鉁?[39m src/services/__tests__/dataFreshness.test.ts[2m > [22mdataFreshness[2m > [22mgetDataFreshness[2m > [22mreturns stale at exactly 30 minutes[32m 2[2mms[22m[39m
 [32m鉁?[39m src/services/__tests__/dataFreshness.test.ts[2m > [22mdataFreshness[2m > [22mgetMarketFreshness[2m > [22mreturns freshness for a map of market update times[32m 15[2mms[22m[39m
 [32m鉁?[39m src/services/__tests__/dataFreshness.test.ts[2m > [22mdataFreshness[2m > [22mgetMarketFreshness[2m > [22mhandles empty map[32m 13[2mms[22m[39m
 [32m鉁?[39m src/stores/__tests__/useDecisionStore.test.ts[2m > [22museDecisionStore[2m > [22mhas correct initial state[32m 9[2mms[22m[39m
 [32m鉁?[39m src/stores/__tests__/useDecisionStore.test.ts[2m > [22museDecisionStore[2m > [22madds decision entry[32m 5[2mms[22m[39m
 [32m鉁?[39m src/stores/__tests__/useDecisionStore.test.ts[2m > [22museDecisionStore[2m > [22msets review date to 30 days after creation[32m 9[2mms[22m[39m
 [32m鉁?[39m src/stores/__tests__/useDecisionStore.test.ts[2m > [22museDecisionStore[2m > [22mupdates entry outcome[32m 2[2mms[22m[39m
 [32m鉁?[39m src/stores/__tests__/useDecisionStore.test.ts[2m > [22museDecisionStore[2m > [22madds reflection to entry[32m 1[2mms[22m[39m
 [32m鉁?[39m src/stores/__tests__/useDecisionStore.test.ts[2m > [22museDecisionStore[2m > [22mgets pending reviews[32m 1[2mms[22m[39m
 [32m鉁?[39m src/stores/__tests__/useDecisionStore.test.ts[2m > [22museDecisionStore[2m > [22mdoes not include future reviews in pending[32m 1[2mms[22m[39m
 [32m鉁?[39m src/stores/__tests__/useDecisionStore.test.ts[2m > [22museDecisionStore[2m > [22mdoes not include already reviewed entries in pending[32m 1[2mms[22m[39m
[90mstderr[2m | src/serv
ices/geminiService.test.ts
[2m > [22m[2mgeminiServ
ice[2m > [22m[2mfetchAv
ailableModelsList[2m > [
22m[2mshould return only 
models that respond succes
sfully to ping
[22m[39mModel gemini-3.1
-flash-lite-preview skippe
d: 404 Not Found

[90mstderr[2m | src/serv
ices/geminiService.test.ts
[2m > [22m[2mgeminiServ
ice[2m > [22m[2mfetchAv
ailableModelsList[2m > [
22m[2mshould return only 
models that respond succes
sfully to ping
[22m[39mModel gemini-2.5
-flash skipped: 404 Not Fo
und

[90mstderr[2m | src/serv
ices/geminiService.test.ts
[2m > [22m[2mgeminiServ
ice[2m > [22m[2mfetchAv
ailableModelsList[2m > [
22m[2mshould return only 
models that respond succes
sfully to ping
[22m[39mModel gemini-2.5
-pro skipped: 404 Not Foun
d

[90mstderr[2m | src/serv
ices/geminiService.test.ts
[2m > [22m[2mgeminiServ
ice[2m > [22m[2mfetchAv
ailableModelsList[2m > [
22m[2mshould return only 
models that respond succes
sfully to ping
[22m[39mModel gemini-1.5
-flash skipped: 404 Not Fo
und

 [32m鉁?[39m src/services/geminiService.test.ts[2m > [22mgeminiService[2m > [22mgenerateContentWithUsage[2m > [22mshould add token usage to the store when available[32m 10[2mms[22m[39m
 [32m鉁?[39m src/services/geminiService.test.ts[2m > [22mgeminiService[2m > [22mgenerateContentWithUsage[2m > [22mshould not break if usageMetadata is missing[32m 1[2mms[22m[39m
 [32m鉁?[39m src/services/geminiService.test.ts[2m > [22mgeminiService[2m > [22mfetchAvailableModelsList[2m > [22mshould return only models that respond successfully to ping[32m 5[2mms[22m[39m
 [32m鉁?[39m src/services/geminiService.test.ts[2m > [22mgeminiService[2m > [22mfetchAvailableModelsList[2m > [22mshould throw an error if no models are available[32m 4[2mms[22m[39m
 [32m鉁?[39m src/services/__tests__/promptRegistry.test.ts[2m > [22mpromptRegistry[2m > [22mregisterPrompt[2m > [22mshould register a prompt version[32m 7[2mms[22m[39m
 [32m鉁?[39m src/services/__tests__/promptRegistry.test.ts[2m > [22mpromptRegistry[2m > [22mregisterPrompt[2m > [22mshould register multiple versions for the same name[32m 1[2mms[22m[39m
 [32m鉁?[39m src/services/__tests__/promptRegistry.test.ts[2m > [22mpromptRegistry[2m > [22mgetActivePrompt[2m > [22mshould return the active version[32m 1[2mms[22m[39m
 [32m鉁?[39m src/services/__tests__/promptRegistry.test.ts[2m > [22mpromptRegistry[2m > [22mgetActivePrompt[2m > [22mshould throw when no active version exists[32m 17[2mms[22m[39m
 [32m鉁?[39m src/services/__tests__/promptRegistry.test.ts[2m > [22mpromptRegistry[2m > [22mgetActivePrompt[2m > [22mshould throw when prompt name not found[32m 1[2mms[22m[39m
 [32m鉁?[39m src/services/__tests__/promptRegistry.test.ts[2m > [22mpromptRegistry[2m > [22mprompt template[2m > [22mshould execute the template function[32m 0[2mms[22m[39m
 [32m鉁?[39m src/services/__tests__/promptRegistry.test.ts[2m > [22mpromptRegistry[2m > [22mrecordPromptMetrics & getPromptMetrics[2m > [22mshould return undefined for untracked prompt[32m 0[2mms[22m[39m
 [32m鉁?[39m src/services/__tests__/promptRegistry.test.ts[2m > [22mpromptRegistry[2m > [22mrecordPromptMetrics & getPromptMetrics[2m > [22mshould track a single call[32m 2[2mms[22m[39m
 [32m鉁?[39m src/services/__tests__/promptRegistry.test.ts[2m > [22mpromptRegistry[2m > [22mrecordPromptMetrics & getPromptMetrics[2m > [22mshould compute running averages over multiple calls[32m 7[2mms[22m[39m
 [32m鉁?[39m src/services/__tests__/promptRegistry.test.ts[2m > [22mpromptRegistry[2m > [22mrecordPromptMetrics & getPromptMetrics[2m > [22mshould track error rate[32m 1[2mms[22m[39m
 [32m鉁?[39m src/services/__tests__/promptRegistry.test.ts[2m > [22mpromptRegistry[2m > [22mgetAllVersions[2m > [22mshould return empty array for unknown name[32m 2[2mms[22m[39m
[90mstderr[2m | src/serv
ices/discussion/__tests__/
multiRoundDiscussion.test.
ts[2m > [22m[2mstartMul
tiRoundDiscussion[2m > [
22m[2mmessages accumulate
 across rounds (each exper
t sees previous messages)
[22m[39mFailed to fetch 
history context: TypeError
: response.text is not a f
unction
    at getHistoryContext (
D:/zily/ai_studio/refactor
-ai-daily-/src/services/ad
minService.ts:12:35)
    at getPreviousStockAna
lysis (D:/zily/ai_studio/r
efactor-ai-daily-/src/serv
ices/adminService.ts:31:21
)
    at Module.startMultiRo
undDiscussion (D:/zily/ai_
studio/refactor-ai-daily-/
src/services/discussionSer
vice.ts:66:28)
    at D:/zily/ai_studio/r
efactor-ai-daily-/src/serv
ices/discussion/__tests__/
multiRoundDiscussion.test.
ts:127:5
    at [90mfile:///D:/zil
y/ai_studio/refactor-ai-da
ily-/[39mnode_modules/[4
m@vitest/runner[24m/dist/
chunk-artifact.js:1893:20

 [31m脳[39m src/services/discussion/__tests__/multiRoundDiscussion.test.ts[2m > [22mstartMultiRoundDiscussion[2m > [22mstandard mode runs single iteration (no repetition)[33m 4093[2mms[22m[39m
[31m   鈫?Cannot read properties of undefined (reading 'entries')[39m
 [32m鉁?[39m src/stores/__tests__/useUIStore.test.ts[2m > [22museUIStore[2m > [22mactivity state transitions (mutually exclusive)[2m > [22mshould set loading 鈫?analyzing[32m 5[2mms[22m[39m
 [32m鉁?[39m src/stores/__tests__/useUIStore.test.ts[2m > [22museUIStore[2m > [22mactivity state transitions (mutually exclusive)[2m > [22mshould clear loading 鈫?idle[32m 1[2mms[22m[39m
 [32m鉁?[39m src/stores/__tests__/useUIStore.test.ts[2m > [22museUIStore[2m > [22mactivity state transitions (mutually exclusive)[2m > [22mshould not clear loading if current activity is not analyzing[32m 1[2mms[22m[39m
 [32m鉁?[39m src/stores/__tests__/useUIStore.test.ts[2m > [22museUIStore[2m > [22mactivity state transitions (mutually exclusive)[2m > [22mshould set chatting[32m 1[2mms[22m[39m
 [32m鉁?[39m src/stores/__tests__/useUIStore.test.ts[2m > [22museUIStore[2m > [22mactivity state transitions (mutually exclusive)[2m > [22mshould set discussing[32m 1[2mms[22m[39m
 [32m鉁?[39m src/stores/__tests__/useUIStore.test.ts[2m > [22museUIStore[2m > [22mactivity state transitions (mutually exclusive)[2m > [22mshould set reviewing[32m 1[2mms[22m[39m
 [32m鉁?[39m src/stores/__tests__/useUIStore.test.ts[2m > [22museUIStore[2m > [22mindependent async operations (concurrent)[2m > [22mshould allow overviewLoading concurrent with main activity[32m 1[2mms[22m[39m
 [32m鉁?[39m src/stores/__tests__/useUIStore.test.ts[2m > [22museUIStore[2m > [22mindependent async operations (concurrent)[2m > [22mshould allow report generation concurrent with main activity[32m 1[2mms[22m[39m
 [32m鉁?[39m src/stores/__tests__/useUIStore.test.ts[2m > [22museUIStore[2m > [22merror states[2m > [22mshould set and clear analysis error[32m 1[2mms[22m[39m
 [32m鉁?[39m src/stores/__tests__/useUIStore.test.ts[2m > [22museUIStore[2m > [22merror states[2m > [22mshould set chat error[32m 1[2mms[22m[39m
 [32m鉁?[39m src/stores/__tests__/useUIStore.test.ts[2m > [22museUIStore[2m > [22merror states[2m > [22mshould set overview error[32m 0[2mms[22m[39m
 [32m鉁?[39m src/stores/__tests__/useUIStore.test.ts[2m > [22museUIStore[2m > [22merror states[2m > [22mshould reset all errors[32m 1[2mms[22m[39m
 [32m鉁?[39m src/stores/__tests__/useUIStore.test.ts[2m > [22museUIStore[2m > [22merror states[2m > [22mshould set report status[32m 0[2mms[22m[39m
 [32m鉁?[39m src/stores/__tests__/useUIStore.test.ts[2m > [22museUIStore[2m > [22mpanel states[2m > [22mshould toggle discussion panel[32m 0[2mms[22m[39m
 [32m鉁?[39m src/stores/__tests__/useUIStore.test.ts[2m > [22museUIStore[2m > [22mpanel states[2m > [22mshould toggle settings modal[32m 0[2mms[22m[39m
 [32m鉁?[39m src/stores/__tests__/useUIStore.test.ts[2m > [22museUIStore[2m > [22mpanel states[2m > [22mshould toggle admin panel[32m 0[2mms[22m[39m
 [32m鉁?[39m src/stores/__tests__/useUIStore.test.ts[2m > [22museUIStore[2m > [22mpanel states[2m > [22mshould set selected detail[32m 0[2mms[22m[39m
 [32m鉁?[39m src/stores/__tests__/useUIStore.test.ts[2m > [22museUIStore[2m > [22mderived selectors[2m > [22mselectLoading should return true when analyzing[32m 0[2mms[22m[39m
 [32m鉁?[39m src/stores/__tests__/useUIStore.test.ts[2m > [22museUIStore[2m > [22mderived selectors[2m > [22mselectLoading should return false when idle[32m 0[2mms[22m[39m
 [32m鉁?[39m src/stores/__tests__/useUIStore.test.ts[2m > [22museUIStore[2m > [22mderived selectors[2m > [22mselectIsChatting should return true when chatting[32m 0[2mms[22m[39m
 [32m鉁?[39m src/stores/__tests__/useUIStore.test.ts[2m > [22museUIStore[2m > [22mderived selectors[2m > [22mselectIsDiscussing should return true when discussing[32m 0[2mms[22m[39m
 [32m鉁?[39m src/stores/__tests__/useUIStore.test.ts[2m > [22museUIStore[2m > [22mderived selectors[2m > [22mselectIsReviewing should return true when reviewing[32m 0[2mms[22m[39m
 [32m鉁?[39m src/stores/__tests__/useUIStore.test.ts[2m > [22museUIStore[2m > [22mderived selectors[2m > [22mselectIsBusy should return true when activity is not idle[32m 0[2mms[22m[39m
 [32m鉁?[39m src/stores/__tests__/useUIStore.test.ts[2m > [22museUIStore[2m > [22mderived selectors[2m > [22mselectIsBusy should return true when overviewLoading[32m 0[2mms[22m[39m
 [32m鉁?[39m src/stores/__tests__/useUIStore.test.ts[2m > [22museUIStore[2m > [22mderived selectors[2m > [22mselectIsBusy should return true when generating report[32m 0[2mms[22m[39m
 [32m鉁?[39m src/stores/__tests__/useUIStore.test.ts[2m > [22museUIStore[2m > [22mderived selectors[2m > [22mselectIsBusy should return false when all idle[32m 0[2mms[22m[39m
 [32m鉁?[39m src/services/discussion/__tests__/orchestrator.test.ts[2m > [22mDiscussion Orchestrator[2m > [22mbuildTopology - deep level[2m > [22mgenerates 5 rounds for deep analysis[32m 5[2mms[22m[39m
 [32m鉁?[39m src/services/discussion/__tests__/orchestrator.test.ts[2m > [22mDiscussion Orchestrator[2m > [22mbuildTopology - deep level[2m > [22mstarts with Deep Research Specialist in round 1[32m 2[2mms[22m[39m
 [32m鉁?[39m src/services/discussion/__tests__/orchestrator.test.ts[2m > [22mDiscussion Orchestrator[2m > [22mbuildTopology - deep level[2m > [22mparallelizes Technical + Fundamental analysts in round 2[32m 2[2mms[22m[39m
 [32m鉁?[39m src/services/discussion/__tests__/orchestrator.test.ts[2m > [22mDiscussion Orchestrator[2m > [22mbuildTopology - deep level[2m > [22mhas Sentiment Analyst + Risk Manager + Contrarian Strategist in round 3[32m 1[2mms[22m[39m
 [32m鉁?[39m src/services/discussion/__tests__/orchestrator.test.ts[2m > [22mDiscussion Orchestrator[2m > [22mbuildTopology - deep level[2m > [22mhas Professional Reviewer in round 4[32m 1[2mms[22m[39m
 [32m鉁?[39m src/services/discussion/__tests__/orchestrator.test.ts[2m > [22mDiscussion Orchestrator[2m > [22mbuildTopology - deep level[2m > [22mends with Chief Strategist in round 5[32m 1[2mms[22m[39m
 [32m鉁?[39m src/services/discussion/__tests__/orchestrator.test.ts[2m > [22mDiscussion Orchestrator[2m > [22mbuildTopology - quick level[2m > [22mgenerates 3 rounds for quick scan[32m 0[2mms[22m[39m
 [32m鉁?[39m src/services/discussion/__tests__/orchestrator.test.ts[2m > [22mDiscussion Orchestrator[2m > [22mbuildTopology - quick level[2m > [22mstarts with Deep Research Specialist[32m 0[2mms[22m[39m
 [32m鉁?[39m src/services/discussion/__tests__/orchestrator.test.ts[2m > [22mDiscussion Orchestrator[2m > [22mbuildTopology - quick level[2m > [22mhas Risk Manager in round 2[32m 0[2mms[22m[39m
 [32m鉁?[39m src/services/discussion/__tests__/orchestrator.test.ts[2m > [22mDiscussion Orchestrator[2m > [22mbuildTopology - quick level[2m > [22mends with Chief Strategist[32m 1[2mms[22m[39m
 [32m鉁?[39m src/services/discussion/__tests__/orchestrator.test.ts[2m > [22mDiscussion Orchestrator[2m > [22mbuildTopology - standard level[2m > [22mgenerates 4 rounds for standard analysis[32m 0[2mms[22m[39m
 [32m鉁?[39m src/services/discussion/__tests__/orchestrator.test.ts[2m > [22mDiscussion Orchestrator[2m > [22mbuildTopology - ETF skip rules[2m > [22mskips Deep Research and Fundamental Analyst for ETF[32m 1[2mms[22m[39m
 [32m鉁?[39m src/services/discussion/__tests__/orchestrator.test.ts[2m > [22mDiscussion Orchestrator[2m > [22mbuildTopology - ETF skip rules[2m > [22mskips Deep Research and Fundamental Analyst for index[32m 1[2mms[22m[39m
 [32m鉁?[39m src/services/discussion/__tests__/orchestrator.test.ts[2m > [22mDiscussion Orchestrator[2m > [22mbuildTopology - custom skipRoles[2m > [22mremoves specified roles from topology[32m 1[2mms[22m[39m
 [32m鉁?[39m src/services/discussion/__tests__/orchestrator.test.ts[2m > [22mDiscussion Orchestrator[2m > [22mbuildTopology - custom skipRoles[2m > [22mremoves empty rounds after skipping[32m 1[2mms[22m[39m
 [32m鉁?[39m src/stores/__tests__/useWatchlistStore.test.ts[2m > [22museWatchlistStore[2m > [22mhas correct initial state[32m 6[2mms[22m[39m
 [32m鉁?[39m src/stores/__tests__/useWatchlistStore.test.ts[2m > [22museWatchlistStore[2m > [22madds item to watchlist[32m 3[2mms[22m[39m
 [32m鉁?[39m src/stores/__tests__/useWatchlistStore.test.ts[2m > [22museWatchlistStore[2m > [22mremoves item from watchlist[32m 1[2mms[22m[39m
 [32m鉁?[39m src/stores/__tests__/useWatchlistStore.test.ts[2m > [22museWatchlistStore[2m > [22mupdates notes[32m 1[2mms[22m[39m
 [32m鉁?[39m src/stores/__tests__/useWatchlistStore.test.ts[2m > [22museWatchlistStore[2m > [22mupdates score history[32m 1[2mms[22m[39m
 [32m鉁?[39m src/stores/__tests__/useWatchlistStore.test.ts[2m > [22museWatchlistStore[2m > [22msets last quick scan result[32m 1[2mms[22m[39m
 [32m鉁?[39m src/stores/__tests__/useWatchlistStore.test.ts[2m > [22museWatchlistStore[2m > [22madds alert to item[32m 1[2mms[22m[39m
 [32m鉁?[39m src/stores/__tests__/useWatchlistStore.test.ts[2m > [22museWatchlistStore[2m > [22macknowledges alert[32m 1[2mms[22m[39m
 [32m鉁?[39m src/stores/__tests__/useWatchlistStore.test.ts[2m > [22museWatchlistStore[2m > [22mdoes not add duplicate symbols[32m 1[2mms[22m[39m
 [32m鉁?[39m server/__tests__/dataSourceHealth.test.ts[2m > [22mDataSourceMonitor[2m > [22minitial state[2m > [22mshould initialize all sources as healthy[32m 7[2mms[22m[39m
 [32m鉁?[39m server/__tests__/dataSourceHealth.test.ts[2m > [22mDataSourceMonitor[2m > [22minitial state[2m > [22mshould report all sources as available[32m 1[2mms[22m[39m
 [32m鉁?[39m server/__tests__/dataSourceHealth.test.ts[2m > [22mDataSourceMonitor[2m > [22mrecordSuccess[2m > [22mshould increment success count and track latency[32m 1[2mms[22m[39m
 [32m鉁?[39m server/__tests__/dataSourceHealth.test.ts[2m > [22mDataSourceMonitor[2m > [22mrecordSuccess[2m > [22mshould reset consecutive failures on success[32m 1[2mms[22m[39m
 [32m鉁?[39m server/__tests__/dataSourceHealth.test.ts[2m > [22mDataSourceMonitor[2m > [22mrecordSuccess[2m > [22mshould recover from down status on success[32m 1[2mms[22m[39m
 [32m鉁?[39m server/__tests__/dataSourceHealth.test.ts[2m > [22mDataSourceMonitor[2m > [22mrecordFailure[2m > [22mshould increment failure count[32m 1[2mms[22m[39m
 [32m鉁?[39m server/__tests__/dataSourceHealth.test.ts[2m > [22mDataSourceMonitor[2m > [22mrecordFailure[2m > [22mshould mark source as down after threshold consecutive failures[32m 2[2mms[22m[39m
 [32m鉁?[39m server/__tests__/dataSourceHealth.test.ts[2m > [22mDataSourceMonitor[2m > [22misAvailable[2m > [22mshould return false for down source within recovery window[32m 1[2mms[22m[39m
 [32m鉁?[39m server/__tests__/dataSourceHealth.test.ts[2m > [22mDataSourceMonitor[2m > [22misAvailable[2m > [22mshould return true for down source after recovery timeout (half-open)[32m 1[2mms[22m[39m
 [32m鉁?[39m server/__tests__/dataSourceHealth.test.ts[2m > [22mDataSourceMonitor[2m > [22mdegraded status[2m > [22mshould mark source as degraded when success rate drops below threshold[32m 1[2mms[22m[39m
 [32m鉁?[39m server/__tests__/dataSourceHealth.test.ts[2m > [22mDataSourceMonitor[2m > [22mgetSortedAvailable[2m > [22mshould return sources sorted by latency, excluding down ones[32m 1[2mms[22m[39m
 [32m鉁?[39m server/__tests__/dataSourceHealth.test.ts[2m > [22mDataSourceMonitor[2m > [22mgetSortedAvailable[2m > [22mshould include sources with no recorded latency (0ms)[32m 1[2mms[22m[39m
 [32m鉁?[39m src/services/__tests__/dataQualityService.test.ts[2m > [22mdataQualityService[2m > [22mcalculateQualityScore[2m > [22mshould return high score for complete fresh data from official source[32m 5[2mms[22m[39m
 [32m鉁?[39m src/services/__tests__/dataQualityService.test.ts[2m > [22mdataQualityService[2m > [22mcalculateQualityScore[2m > [22mshould penalize missing price[32m 2[2mms[22m[39m
 [32m鉁?[39m src/services/__tests__/dataQualityService.test.ts[2m > [22mdataQualityService[2m > [22mcalculateQualityScore[2m > [22mshould penalize missing previousClose[32m 1[2mms[22m[39m
 [32m鉁?[39m src/services/__tests__/dataQualityService.test.ts[2m > [22mdataQualityService[2m > [22mcalculateQualityScore[2m > [22mshould penalize Google Search source[32m 0[2mms[22m[39m
 [32m鉁?[39m src/services/__tests__/dataQualityService.test.ts[2m > [22mdataQualityService[2m > [22mcalculateQualityScore[2m > [22mshould penalize AI Inference source more heavily[32m 0[2mms[22m[39m
 [32m鉁?[39m src/services/__tests__/dataQualityService.test.ts[2m > [22mdataQualityService[2m > [22mcalculateQualityScore[2m > [22mshould penalize stale data (>4 hours old)[32m 0[2mms[22m[39m
 [32m鉁?[39m src/services/__tests__/dataQualityService.test.ts[2m > [22mdataQualityService[2m > [22mcalculateQualityScore[2m > [22mshould accumulate multiple penalties[32m 0[2mms[22m[39m
 [32m鉁?[39m src/services/__tests__/dataQualityService.test.ts[2m > [22mdataQualityService[2m > [22mcalculateQualityScore[2m > [22mshould not go below 0[32m 0[2mms[22m[39m
 [32m鉁?[39m src/services/__tests__/dataQualityService.test.ts[2m > [22mdataQualityService[2m > [22mgetQualityLabel[2m > [22mshould return High Precision for score >= 90[32m 1[2mms[22m[39m
 [32m鉁?[39m src/services/__tests__/dataQualityService.test.ts[2m > [22mdataQualityService[2m > [22mgetQualityLabel[2m > [22mshould return Reliable for score >= 70[32m 0[2mms[22m[39m
 [32m鉁?[39m src/services/__tests__/dataQualityService.test.ts[2m > [22mdataQualityService[2m > [22mgetQualityLabel[2m > [22mshould return Moderate for score >= 50[32m 0[2mms[22m[39m
 [32m鉁?[39m src/services/__tests__/dataQualityService.test.ts[2m > [22mdataQualityService[2m > [22mgetQualityLabel[2m > [22mshould return Low Confidence for score < 50[32m 0[2mms[22m[39m
 [32m鉁?[39m src/services/__tests__/dataQualityService.test.ts[2m > [22mdataQualityService[2m > [22mgetQualityLabel[2m > [22mshould return boundary value for exactly 90[32m 0[2mms[22m[39m
 [32m鉁?[39m src/services/__tests__/dataQualityService.test.ts[2m > [22mdataQualityService[2m > [22mgetQualityLabel[2m > [22mshould return boundary value for exactly 70[32m 0[2mms[22m[39m
 [32m鉁?[39m src/services/__tests__/dataQualityService.test.ts[2m > [22mdataQualityService[2m > [22mgetQualityLabel[2m > [22mshould return boundary value for exactly 50[32m 0[2mms[22m[39m
[90mstderr[2m | src/serv
ices/discussion/__tests__/
multiRoundDiscussion.test.
ts[2m > [22m[2mstartMul
tiRoundDiscussion[2m > [
22m[2mrespects abort sign
al
[22m[39mFailed to fetch 
history context: TypeError
: response.text is not a f
unction
    at getHistoryContext (
D:/zily/ai_studio/refactor
-ai-daily-/src/services/ad
minService.ts:12:35)
    at getPreviousStockAna
lysis (D:/zily/ai_studio/r
efactor-ai-daily-/src/serv
ices/adminService.ts:31:21
)
    at Module.startMultiRo
undDiscussion (D:/zily/ai_
studio/refactor-ai-daily-/
src/services/discussionSer
vice.ts:66:28)
    at D:/zily/ai_studio/r
efactor-ai-daily-/src/serv
ices/discussion/__tests__/
multiRoundDiscussion.test.
ts:149:20
    at [90mfile:///D:/zil
y/ai_studio/refactor-ai-da
ily-/[39mnode_modules/[4
m@vitest/runner[24m/dist/
chunk-artifact.js:1893:20

 [31m脳[39m src/services/discussion/__tests__/multiRoundDiscussion.test.ts[2m > [22mstartMultiRoundDiscussion[2m > [22mmessages accumulate across rounds (each expert sees previous messages)[33m 4035[2mms[22m[39m
[31m   鈫?Cannot read properties of undefined (reading 'entries')[39m
 [32m鉁?[39m src/services/aiService.test.ts[2m > [22maiService Validation Logic[2m > [22mvalidateStockInfo[2m > [22mshould pass for valid stock info[32m 5[2mms[22m[39m
 [32m鉁?[39m src/services/aiService.test.ts[2m > [22maiService Validation Logic[2m > [22mvalidateStockInfo[2m > [22mshould throw for invalid time format (missing CST)[32m 1[2mms[22m[39m
 [32m鉁?[39m src/services/aiService.test.ts[2m > [22maiService Validation Logic[2m > [22mvalidateStockInfo[2m > [22mshould throw for non-positive price[32m 1[2mms[22m[39m
 [32m鉁?[39m src/services/aiService.test.ts[2m > [22maiService Validation Logic[2m > [22mvalidateStockInfo[2m > [22mshould throw for calculation mismatch[32m 1[2mms[22m[39m
 [32m鉁?[39m src/services/aiService.test.ts[2m > [22maiService Validation Logic[2m > [22mvalidateStockInfo[2m > [22mshould throw for price outside daily range[32m 1[2mms[22m[39m
 [32m鉁?[39m src/services/aiService.test.ts[2m > [22maiService Validation Logic[2m > [22mvalidateStockInfo[2m > [22mshould throw for exceeding A-share price limit[32m 1[2mms[22m[39m
 [32m鉁?[39m src/services/aiService.test.ts[2m > [22maiService Validation Logic[2m > [22mvalidateStockInfo[2m > [22mshould throw for currency mismatch[32m 1[2mms[22m[39m
 [32m鉁?[39m src/services/aiService.test.ts[2m > [22maiService Validation Logic[2m > [22mvalidateMarketOverview[2m > [22mshould pass for valid market overview[32m 1[2mms[22m[39m
 [32m鉁?[39m src/services/aiService.test.ts[2m > [22maiService Validation Logic[2m > [22mvalidateMarketOverview[2m > [22mshould throw if indices are missing[32m 1[2mms[22m[39m
 [32m鉁?[39m src/services/aiService.test.ts[2m > [22maiService Validation Logic[2m > [22mJSON Parsing[2m > [22mshould extract JSON from markdown fences[32m 1[2mms[22m[39m
 [32m鉁?[39m src/services/aiService.test.ts[2m > [22maiService Validation Logic[2m > [22mJSON Parsing[2m > [22mshould parse wrapped JSON responses[32m 1[2mms[22m[39m
 [32m鉁?[39m src/services/aiService.test.ts[2m > [22maiService Validation Logic[2m > [22mJSON Parsing[2m > [22mshould sanitize bad control characters inside JSON strings[32m 1[2mms[22m[39m
 [32m鉁?[39m src/services/__tests__/requestDedup.test.ts[2m > [22mrequestDedup[2m > [22mshould execute the function and return result[32m 5[2mms[22m[39m
 [32m鉁?[39m src/services/__tests__/requestDedup.test.ts[2m > [22mrequestDedup[2m > [22mshould deduplicate concurrent calls with the same key[32m 2[2mms[22m[39m
 [32m鉁?[39m src/services/__tests__/requestDedup.test.ts[2m > [22mrequestDedup[2m > [22mshould allow new calls after previous one completes[32m 2[2mms[22m[39m
 [32m鉁?[39m src/services/__tests__/requestDedup.test.ts[2m > [22mrequestDedup[2m > [22mshould handle different keys independently[32m 1[2mms[22m[39m
 [32m鉁?[39m src/services/__tests__/requestDedup.test.ts[2m > [22mrequestDedup[2m > [22mshould clean up after rejection and allow retry[32m 3[2mms[22m[39m
 [32m鉁?[39m src/services/__tests__/requestDedup.test.ts[2m > [22mrequestDedup[2m > [22mshould propagate rejection to all concurrent callers[32m 2[2mms[22m[39m
 [32m鉁?[39m src/test/decisionEngine.test.ts[2m > [22mDecision Engine: Backtest Service[2m > [22mshould detect a Target Hit correctly[32m 4[2mms[22m[39m
 [32m鉁?[39m src/test/decisionEngine.test.ts[2m > [22mDecision Engine: Backtest Service[2m > [22mshould detect a Stop Loss Hit correctly[32m 1[2mms[22m[39m
 [32m鉁?[39m src/test/decisionEngine.test.ts[2m > [22mDecision Engine: Backtest Service[2m > [22mshould calculate "In Progress" correctly[32m 1[2mms[22m[39m
 [32m鉁?[39m src/test/decisionEngine.test.ts[2m > [22mDecision Engine: Data Quality Service[2m > [22mshould grant 100 score for perfect fresh official data[32m 1[2mms[22m[39m
 [32m鉁?[39m src/test/decisionEngine.test.ts[2m > [22mDecision Engine: Data Quality Service[2m > [22mshould penalize search-based and stale data[32m 1[2mms[22m[39m
 [32m鉁?[39m src/test/decisionEngine.test.ts[2m > [22mDecision Engine: Data Quality Service[2m > [22mshould identify missing critical fields[32m 2[2mms[22m[39m
 [32m鉁?[39m src/test/decisionEngine.test.ts[2m > [22mDecision Engine: Data Quality Service[2m > [22mshould provide correct quality labels[32m 1[2mms[22m[39m
 [32m鉁?[39m src/test/decisionEngine.test.ts[2m > [22mDecision Engine: Math Service (Phase 6)[2m > [22mshould calculate Expected Value (EV) correctly from scenarios[32m 1[2mms[22m[39m
 [32m鉁?[39m src/test/decisionEngine.test.ts[2m > [22mDecision Engine: Math Service (Phase 6)[2m > [22mshould handle non-numeric target prices gracefully[32m 1[2mms[22m[39m
 [32m鉁?[39m src/test/decisionEngine.test.ts[2m > [22mDecision Engine: Advanced Quant Structural Integrity[2m > [22mshould enforce Sensitivity Matrix structure[32m 1[2mms[22m[39m
 [32m鉁?[39m src/services/__tests__/backtestTimeSeries.test.ts[2m > [22mbacktestTimeSeries[2m > [22mbuildBacktestTimeSeries[2m > [22mreturns empty series for no history[32m 6[2mms[22m[39m
 [32m鉁?[39m src/services/__tests__/backtestTimeSeries.test.ts[2m > [22mbacktestTimeSeries[2m > [22mbuildBacktestTimeSeries[2m > [22mbuilds entries from history comparing to current price[32m 1[2mms[22m[39m
 [32m鉁?[39m src/services/__tests__/backtestTimeSeries.test.ts[2m > [22mbacktestTimeSeries[2m > [22mbuildBacktestTimeSeries[2m > [22mmarks direction as correct when buy recommendation and price went up[32m 1[2mms[22m[39m
 [32m鉁?[39m src/services/__tests__/backtestTimeSeries.test.ts[2m > [22mbacktestTimeSeries[2m > [22mbuildBacktestTimeSeries[2m > [22mmarks direction as incorrect when buy but price went down[32m 0[2mms[22m[39m
 [32m鉁?[39m src/services/__tests__/backtestTimeSeries.test.ts[2m > [22mbacktestTimeSeries[2m > [22mbuildBacktestTimeSeries[2m > [22mmarks target hit when current price >= target[32m 1[2mms[22m[39m
 [32m鉁?[39m src/services/__tests__/backtestTimeSeries.test.ts[2m > [22mbacktestTimeSeries[2m > [22mbuildBacktestTimeSeries[2m > [22mcalculates overall and direction accuracy[32m 0[2mms[22m[39m
 [32m鉁?[39m src/services/__tests__/backtestTimeSeries.test.ts[2m > [22mbacktestTimeSeries[2m > [22mbuildBacktestTimeSeries[2m > [22mcalculates max consecutive losses[32m 0[2mms[22m[39m
 [32m鉁?[39m src/services/__tests__/backtestTimeSeries.test.ts[2m > [22mbacktestTimeSeries[2m > [22mdetectSystematicBias[2m > [22mdetects no bias for empty series[32m 1[2mms[22m[39m
 [32m鉁?[39m src/services/__tests__/backtestTimeSeries.test.ts[2m > [22mbacktestTimeSeries[2m > [22mdetectSystematicBias[2m > [22mdetects bullish drift when consistently overestimates[32m 1[2mms[22m[39m
 [32m鉁?[39m src/services/__tests__/backtestTimeSeries.test.ts[2m > [22mbacktestTimeSeries[2m > [22mdetectSystematicBias[2m > [22mdetects target overshoot when targets systematically too ambitious[32m 1[2mms[22m[39m
 [32m鉁?[39m src/services/__tests__/backtestTimeSeries.test.ts[2m > [22mbacktestTimeSeries[2m > [22mdetectSystematicBias[2m > [22mreturns no bias for well-calibrated predictions[32m 0[2mms[22m[39m
 [32m鉁?[39m src/services/__tests__/sectorRotationService.test.ts[2m > [22msectorRotationService[2m > [22mcalculateSectorMomentum[2m > [22mreturns 0 for empty history[32m 3[2mms[22m[39m
 [32m鉁?[39m src/services/__tests__/sectorRotationService.test.ts[2m > [22msectorRotationService[2m > [22mcalculateSectorMomentum[2m > [22mcalculates positive momentum when trend is bullish across history[32m 1[2mms[22m[39m
 [32m鉁?[39m src/services/__tests__/sectorRotationService.test.ts[2m > [22msectorRotationService[2m > [22mcalculateSectorMomentum[2m > [22mcalculates negative momentum when trend is bearish[32m 1[2mms[22m[39m
 [32m鉁?[39m src/services/__tests__/sectorRotationService.test.ts[2m > [22msectorRotationService[2m > [22mcalculateSectorMomentum[2m > [22mreturns 0 when sector not found in history[32m 0[2mms[22m[39m
 [32m鉁?[39m src/services/__tests__/sectorRotationService.test.ts[2m > [22msectorRotationService[2m > [22mdetermineCyclePhase[2m > [22mdetects recovery when most sectors show inflow with low confidence[32m 3[2mms[22m[39m
 [32m鉁?[39m src/services/__tests__/sectorRotationService.test.ts[2m > [22msectorRotationService[2m > [22mdetermineCyclePhase[2m > [22mdetects overheating when all sectors show strong inflow[32m 6[2mms[22m[39m
 [32m鉁?[39m src/services/__tests__/sectorRotationService.test.ts[2m > [22msectorRotationService[2m > [22mdetermineCyclePhase[2m > [22mdetects stagflation when most sectors show outflow[32m 1[2mms[22m[39m
 [32m鉁?[39m src/services/__tests__/sectorRotationService.test.ts[2m > [22msectorRotationService[2m > [22mdetermineCyclePhase[2m > [22mreturns logic explanation[32m 0[2mms[22m[39m
 [32m鉁?[39m src/services/__tests__/sectorRotationService.test.ts[2m > [22msectorRotationService[2m > [22mbuildSectorRotations[2m > [22mbuilds rotation data from sector analyses[32m 2[2mms[22m[39m
 [32m鉁?[39m src/services/__tests__/sectorRotationService.test.ts[2m > [22msectorRotationService[2m > [22mbuildSectorRotations[2m > [22mreturns empty array for empty input[32m 2[2mms[22m[39m
 [32m鉁?[39m src/services/__tests__/expertTracker.test.ts[2m > [22mexpertTracker[2m > [22mbuildExpertTrackRecords[2m > [22mreturns empty map for empty history[32m 4[2mms[22m[39m
 [32m鉁?[39m src/services/__tests__/expertTracker.test.ts[2m > [22mexpertTracker[2m > [22mbuildExpertTrackRecords[2m > [22mcalculates direction accuracy correctly[32m 1[2mms[22m[39m
 [32m鉁?[39m src/services/__tests__/expertTracker.test.ts[2m > [22mexpertTracker[2m > [22mbuildExpertTrackRecords[2m > [22mcalculates target hit rate[32m 0[2mms[22m[39m
 [32m鉁?[39m src/services/__tests__/expertTracker.test.ts[2m > [22mexpertTracker[2m > [22mbuildExpertTrackRecords[2m > [22mcalculates average overshoot[32m 0[2mms[22m[39m
 [32m鉁?[39m src/services/__tests__/expertTracker.test.ts[2m > [22mexpertTracker[2m > [22mbuildExpertTrackRecords[2m > [22mdetermines recent trend as improving[32m 1[2mms[22m[39m
 [32m鉁?[39m src/services/__tests__/expertTracker.test.ts[2m > [22mexpertTracker[2m > [22mbuildExpertTrackRecords[2m > [22mdetermines recent trend as declining[32m 0[2mms[22m[39m
 [32m鉁?[39m src/services/__tests__/expertTracker.test.ts[2m > [22mexpertTracker[2m > [22mbuildExpertTrackRecords[2m > [22mtracks last5Accuracy[32m 2[2mms[22m[39m
 [32m鉁?[39m src/services/__tests__/expertTracker.test.ts[2m > [22mexpertTracker[2m > [22mcalculateDynamicWeights[2m > [22mreturns base weights when no track records[32m 1[2mms[22m[39m
 [32m鉁?[39m src/services/__tests__/expertTracker.test.ts[2m > [22mexpertTracker[2m > [22mcalculateDynamicWeights[2m > [22mreduces weight for 3 consecutive direction errors (脳0.8)[32m 1[2mms[22m[39m
 [32m鉁?[39m src/services/__tests__/expertTracker.test.ts[2m > [22mexpertTracker[2m > [22mcalculateDynamicWeights[2m > [22mincreases weight for 3 consecutive direction wins (脳1.1, capped at 0.2)[32m 1[2mms[22m[39m
 [32m鉁?[39m src/services/__tests__/expertTracker.test.ts[2m > [22mexpertTracker[2m > [22mcalculateDynamicWeights[2m > [22mcaps increased weight at 0.2[32m 0[2mms[22m[39m
 [32m鉁?[39m src/services/__tests__/expertTracker.test.ts[2m > [22mexpertTracker[2m > [22mcalculateDynamicWeights[2m > [22mreduces weight for targetHitRate < 30% (脳0.7)[32m 1[2mms[22m[39m
[90mstderr[2m | src/serv
ices/discussion/__tests__/
multiRoundDiscussion.test.
ts[2m > [22m[2mstartMul
tiRoundDiscussion[2m > [
22m[2muses googleSearch t
ool instead of responseSch
ema
[22m[39mFailed to fetch 
history context: TypeError
: response.text is not a f
unction
    at getHistoryContext (
D:/zily/ai_studio/refactor
-ai-daily-/src/services/ad
minService.ts:12:35)
    at getPreviousStockAna
lysis (D:/zily/ai_studio/r
efactor-ai-daily-/src/serv
ices/adminService.ts:31:21
)
    at Module.startMultiRo
undDiscussion (D:/zily/ai_
studio/refactor-ai-daily-/
src/services/discussionSer
vice.ts:66:28)
    at D:/zily/ai_studio/r
efactor-ai-daily-/src/serv
ices/discussion/__tests__/
multiRoundDiscussion.test.
ts:172:5
    at [90mfile:///D:/zil
y/ai_studio/refactor-ai-da
ily-/[39mnode_modules/[4
m@vitest/runner[24m/dist/
chunk-artifact.js:1893:20

 [31m脳[39m src/services/discussion/__tests__/multiRoundDiscussion.test.ts[2m > [22mstartMultiRoundDiscussion[2m > [22mrespects abort signal[33m 4050[2mms[22m[39m
[31m   鈫?Cannot read properties of undefined (reading 'entries')[39m
 [32m鉁?[39m src/stores/__tests__/useAnalysisStore.test.ts[2m > [22museAnalysisStore[2m > [22mshould have correct initial state[32m 6[2mms[22m[39m
 [32m鉁?[39m src/stores/__tests__/useAnalysisStore.test.ts[2m > [22museAnalysisStore[2m > [22mshould set symbol[32m 1[2mms[22m[39m
 [32m鉁?[39m src/stores/__tests__/useAnalysisStore.test.ts[2m > [22museAnalysisStore[2m > [22mshould set market[32m 0[2mms[22m[39m
 [32m鉁?[39m src/stores/__tests__/useAnalysisStore.test.ts[2m > [22museAnalysisStore[2m > [22mshould set analysis with direct value[32m 1[2mms[22m[39m
 [32m鉁?[39m src/stores/__tests__/useAnalysisStore.test.ts[2m > [22museAnalysisStore[2m > [22mshould set analysis with updater function[32m 1[2mms[22m[39m
 [32m鉁?[39m src/stores/__tests__/useAnalysisStore.test.ts[2m > [22museAnalysisStore[2m > [22mshould set chat message[32m 0[2mms[22m[39m
 [32m鉁?[39m src/stores/__tests__/useAnalysisStore.test.ts[2m > [22museAnalysisStore[2m > [22mshould set chat history with array[32m 2[2mms[22m[39m
 [32m鉁?[39m src/stores/__tests__/useAnalysisStore.test.ts[2m > [22museAnalysisStore[2m > [22mshould set chat history with updater function[32m 1[2mms[22m[39m
 [32m鉁?[39m src/stores/__tests__/useAnalysisStore.test.ts[2m > [22museAnalysisStore[2m > [22mshould reset analysis and chat history[32m 1[2mms[22m[39m
 [32m鉁?[39m src/services/__tests__/reportGenerator.test.ts[2m > [22mgenerateReport[2m > [22mshould include header and summary for all levels[32m 5[2mms[22m[39m
 [32m鉁?[39m src/services/__tests__/reportGenerator.test.ts[2m > [22mgenerateReport[2m > [22manalyst level includes all sections[32m 1[2mms[22m[39m
 [32m鉁?[39m src/services/__tests__/reportGenerator.test.ts[2m > [22mgenerateReport[2m > [22mexecutive level excludes analyst-only sections[32m 1[2mms[22m[39m
 [32m鉁?[39m src/services/__tests__/reportGenerator.test.ts[2m > [22mgenerateReport[2m > [22mtrader level includes price distances and compact scenarios[32m 1[2mms[22m[39m
 [32m鉁?[39m src/services/__tests__/reportGenerator.test.ts[2m > [22mgenerateReport[2m > [22mrespects focusAreas filter[32m 1[2mms[22m[39m
 [32m鉁?[39m src/services/__tests__/reportGenerator.test.ts[2m > [22mgenerateReport[2m > [22mtruncates when exceeding brief limit[32m 1[2mms[22m[39m
 [32m鉁?[39m src/services/__tests__/reportGenerator.test.ts[2m > [22mgenerateReport[2m > [22muses default preference when none provided[32m 0[2mms[22m[39m
 [32m鉁?[39m src/services/__tests__/reportGenerator.test.ts[2m > [22mgenerateReport[2m > [22mhandles missing optional fields gracefully[32m 1[2mms[22m[39m
 [32m鉁?[39m src/services/__tests__/reportGenerator.test.ts[2m > [22mgenerateReport[2m > [22mrenders price distances correctly for trader[32m 1[2mms[22m[39m
 [32m鉁?[39m src/services/__tests__/reportGenerator.test.ts[2m > [22mgenerateReport[2m > [22mlimits expert debate to 5 messages[32m 1[2mms[22m[39m
[90mstderr[2m | src/test
/aiService.test.ts[2m > 
[22m[2mAI Service Helpers
[2m > [22m[2mparseJsonR
esponse[2m > [22m[2msho
uld throw error for invali
d JSON
[22m[39mFailed to parse 
Gemini JSON response. Raw 
response: ```json
{"symbol": "AAPL", "price"
: 150
```

 [32m鉁?[39m src/test/aiService.test.ts[2m > [22mAI Service Helpers[2m > [22mextractJsonBlock[2m > [22mshould extract JSON from markdown fences[32m 5[2mms[22m[39m
 [32m鉁?[39m src/test/aiService.test.ts[2m > [22mAI Service Helpers[2m > [22mextractJsonBlock[2m > [22mshould extract JSON from plain markdown fences[32m 1[2mms[22m[39m
 [32m鉁?[39m src/test/aiService.test.ts[2m > [22mAI Service Helpers[2m > [22mextractJsonBlock[2m > [22mshould return raw string if it starts with {[32m 0[2mms[22m[39m
 [32m鉁?[39m src/test/aiService.test.ts[2m > [22mAI Service Helpers[2m > [22mextractJsonBlock[2m > [22mshould find braces if no fences are present[32m 1[2mms[22m[39m
 [32m鉁?[39m src/test/aiService.test.ts[2m > [22mAI Service Helpers[2m > [22mextractJsonBlock[2m > [22mshould throw error if no JSON is found[32m 2[2mms[22m[39m
 [32m鉁?[39m src/test/aiService.test.ts[2m > [22mAI Service Helpers[2m > [22mparseJsonResponse[2m > [22mshould parse valid JSON[32m 1[2mms[22m[39m
 [32m鉁?[39m src/test/aiService.test.ts[2m > [22mAI Service Helpers[2m > [22mparseJsonResponse[2m > [22mshould throw error for invalid JSON[32m 2[2mms[22m[39m
 [32m鉁?[39m src/services/__tests__/healthService.test.ts[2m > [22mhealthService[2m > [22mgetDataSourceHealth[2m > [22mfetches health data from API[32m 7[2mms[22m[39m
 [32m鉁?[39m src/services/__tests__/healthService.test.ts[2m > [22mhealthService[2m > [22mgetDataSourceHealth[2m > [22mreturns empty array on fetch error[32m 1[2mms[22m[39m
 [32m鉁?[39m src/services/__tests__/healthService.test.ts[2m > [22mhealthService[2m > [22mgetDataSourceHealth[2m > [22mreturns empty array on non-ok response[32m 1[2mms[22m[39m
 [32m鉁?[39m src/services/__tests__/healthService.test.ts[2m > [22mhealthService[2m > [22mformatHealthStatus[2m > [22mformats healthy source with green indicator[32m 1[2mms[22m[39m
 [32m鉁?[39m src/services/__tests__/healthService.test.ts[2m > [22mhealthService[2m > [22mformatHealthStatus[2m > [22mformats degraded source with yellow indicator[32m 0[2mms[22m[39m
 [32m鉁?[39m src/services/__tests__/healthService.test.ts[2m > [22mhealthService[2m > [22mformatHealthStatus[2m > [22mformats down source with red indicator[32m 1[2mms[22m[39m
 [32m鉁?[39m src/services/discussion/__tests__/resultAggregator.test.ts[2m > [22mresultAggregator[2m > [22maggregates messages from all experts[32m 6[2mms[22m[39m
 [32m鉁?[39m src/services/discussion/__tests__/resultAggregator.test.ts[2m > [22mresultAggregator[2m > [22mextracts finalConclusion from Chief Strategist[32m 0[2mms[22m[39m
 [32m鉁?[39m src/services/discussion/__tests__/resultAggregator.test.ts[2m > [22mresultAggregator[2m > [22mextracts coreVariables from Deep Research Specialist[32m 1[2mms[22m[39m
 [32m鉁?[39m src/services/discussion/__tests__/resultAggregator.test.ts[2m > [22mresultAggregator[2m > [22mextracts quantifiedRisks from Risk Manager[32m 1[2mms[22m[39m
 [32m鉁?[39m src/services/discussion/__tests__/resultAggregator.test.ts[2m > [22mresultAggregator[2m > [22mextracts tradingPlan from Chief Strategist[32m 1[2mms[22m[39m
 [32m鉁?[39m src/services/discussion/__tests__/resultAggregator.test.ts[2m > [22mresultAggregator[2m > [22mextracts scenarios from Chief Strategist[32m 1[2mms[22m[39m
 [32m鉁?[39m src/services/discussion/__tests__/resultAggregator.test.ts[2m > [22mresultAggregator[2m > [22mincludes backtest result when provided[32m 1[2mms[22m[39m
 [32m鉁?[39m src/services/discussion/__tests__/resultAggregator.test.ts[2m > [22mresultAggregator[2m > [22massigns unique IDs to messages[32m 1[2mms[22m[39m
 [32m鉁?[39m src/stores/__tests__/useDiscussionStore.test.ts[2m > [22museDiscussionStore[2m > [22mshould have correct initial state[32m 5[2mms[22m[39m
 [32m鉁?[39m src/stores/__tests__/useDiscussionStore.test.ts[2m > [22museDiscussionStore[2m > [22mshould set discussion messages with array[32m 3[2mms[22m[39m
 [32m鉁?[39m src/stores/__tests__/useDiscussionStore.test.ts[2m > [22museDiscussionStore[2m > [22mshould set discussion messages with updater[32m 1[2mms[22m[39m
 [32m鉁?[39m src/stores/__tests__/useDiscussionStore.test.ts[2m > [22museDiscussionStore[2m > [22mshould set controversial points[32m 1[2mms[22m[39m
 [32m鉁?[39m src/stores/__tests__/useDiscussionStore.test.ts[2m > [22museDiscussionStore[2m > [22mshould set trading plan history with updater[32m 1[2mms[22m[39m
 [32m鉁?[39m src/stores/__tests__/useDiscussionStore.test.ts[2m > [22museDiscussionStore[2m > [22mshould set analyst weights[32m 0[2mms[22m[39m
 [32m鉁?[39m src/stores/__tests__/useDiscussionStore.test.ts[2m > [22museDiscussionStore[2m > [22mshould set discussion results from AgentDiscussion[32m 1[2mms[22m[39m
 [32m鉁?[39m src/stores/__tests__/useDiscussionStore.test.ts[2m > [22museDiscussionStore[2m > [22mshould reset discussion to initial state[32m 1[2mms[22m[39m
 [32m鉁?[39m src/services/__tests__/promptRegistration.test.ts[2m > [22mpromptRegistration[2m > [22mregisters all prompt versions on initialization[32m 7[2mms[22m[39m
 [32m鉁?[39m src/services/__tests__/promptRegistration.test.ts[2m > [22mpromptRegistration[2m > [22mregisters stock-analysis prompt[32m 1[2mms[22m[39m
 [32m鉁?[39m src/services/__tests__/promptRegistration.test.ts[2m > [22mpromptRegistration[2m > [22mregisters market-overview prompt[32m 0[2mms[22m[39m
 [32m鉁?[39m src/services/__tests__/promptRegistration.test.ts[2m > [22mpromptRegistration[2m > [22mregisters discussion prompt[32m 0[2mms[22m[39m
 [32m鉁?[39m src/services/__tests__/promptRegistration.test.ts[2m > [22mpromptRegistration[2m > [22mregisters chat prompt[32m 0[2mms[22m[39m
 [32m鉁?[39m src/services/__tests__/promptRegistration.test.ts[2m > [22mpromptRegistration[2m > [22mcan record and retrieve metrics after registration[32m 1[2mms[22m[39m
 [32m鉁?[39m src/services/__tests__/promptRegistration.test.ts[2m > [22mpromptRegistration[2m > [22mis idempotent (double init does not throw)[32m 1[2mms[22m[39m
[90mstderr[2m | src/serv
ices/discussion/__tests__/
multiRoundDiscussion.test.
ts[2m > [22m[2mstartMul
tiRoundDiscussion[2m > [
22m[2mround numbers are a
ssigned to messages
[22m[39mFailed to fetch 
history context: TypeError
: response.text is not a f
unction
    at getHistoryContext (
D:/zily/ai_studio/refactor
-ai-daily-/src/services/ad
minService.ts:12:35)
    at getPreviousStockAna
lysis (D:/zily/ai_studio/r
efactor-ai-daily-/src/serv
ices/adminService.ts:31:21
)
    at Module.startMultiRo
undDiscussion (D:/zily/ai_
studio/refactor-ai-daily-/
src/services/discussionSer
vice.ts:66:28)
    at D:/zily/ai_studio/r
efactor-ai-daily-/src/serv
ices/discussion/__tests__/
multiRoundDiscussion.test.
ts:177:20
    at [90mfile:///D:/zil
y/ai_studio/refactor-ai-da
ily-/[39mnode_modules/[4
m@vitest/runner[24m/dist/
chunk-artifact.js:1893:20

 [31m脳[39m src/services/discussion/__tests__/multiRoundDiscussion.test.ts[2m > [22mstartMultiRoundDiscussion[2m > [22muses googleSearch tool instead of responseSchema[33m 4049[2mms[22m[39m
[31m   鈫?Cannot read properties of undefined (reading 'entries')[39m
 [32m鉁?[39m src/services/__tests__/comparisonService.test.ts[2m > [22mcomparisonService[2m > [22mbuildComparisonResult[2m > [22mbuilds comparison from analysis results[32m 6[2mms[22m[39m
 [32m鉁?[39m src/services/__tests__/comparisonService.test.ts[2m > [22mcomparisonService[2m > [22mbuildComparisonResult[2m > [22mextracts PE from fundamentals[32m 1[2mms[22m[39m
 [32m鉁?[39m src/services/__tests__/comparisonService.test.ts[2m > [22mcomparisonService[2m > [22mbuildComparisonResult[2m > [22mhandles missing fundamentals gracefully[32m 0[2mms[22m[39m
 [32m鉁?[39m src/services/__tests__/comparisonService.test.ts[2m > [22mcomparisonService[2m > [22mrankStocks[2m > [22mranks stocks by score descending[32m 1[2mms[22m[39m
 [32m鉁?[39m src/services/__tests__/comparisonService.test.ts[2m > [22mcomparisonService[2m > [22mrankStocks[2m > [22mreturns empty array for empty input[32m 1[2mms[22m[39m
 [32m鉁?[39m src/services/__tests__/analysisLevelConfig.test.ts[2m > [22manalysisLevelConfig[2m > [22mquick level[2m > [22mreturns quick scan config[32m 4[2mms[22m[39m
 [32m鉁?[39m src/services/__tests__/analysisLevelConfig.test.ts[2m > [22manalysisLevelConfig[2m > [22mstandard level[2m > [22mreturns standard analysis config[32m 1[2mms[22m[39m
 [32m鉁?[39m src/services/__tests__/analysisLevelConfig.test.ts[2m > [22manalysisLevelConfig[2m > [22mdeep level[2m > [22mreturns deep research config[32m 1[2mms[22m[39m
 [32m鉁?[39m src/services/__tests__/analysisLevelConfig.test.ts[2m > [22manalysisLevelConfig[2m > [22mfield outputs[2m > [22mquick scan returns minimal fields[32m 3[2mms[22m[39m
 [32m鉁?[39m src/services/__tests__/analysisLevelConfig.test.ts[2m > [22manalysisLevelConfig[2m > [22mfield outputs[2m > [22mstandard includes most fields[32m 1[2mms[22m[39m
 [32m鉁?[39m src/services/__tests__/analysisLevelConfig.test.ts[2m > [22manalysisLevelConfig[2m > [22mfield outputs[2m > [22mdeep includes all fields[32m 1[2mms[22m[39m
 [32m鉁?[39m src/services/__tests__/analysisLevelConfig.test.ts[2m > [22manalysisLevelConfig[2m > [22mestimated latency[2m > [22mquick: ~3s[32m 0[2mms[22m[39m
 [32m鉁?[39m src/services/__tests__/analysisLevelConfig.test.ts[2m > [22manalysisLevelConfig[2m > [22mestimated latency[2m > [22mstandard: ~15s[32m 0[2mms[22m[39m
 [32m鉁?[39m src/services/__tests__/analysisLevelConfig.test.ts[2m > [22manalysisLevelConfig[2m > [22mestimated latency[2m > [22mdeep: ~45s[32m 0[2mms[22m[39m
 [32m鉁?[39m src/services/__tests__/biasDetector.test.ts[2m > [22mbiasDetector[2m > [22mreturns empty array when no entries[32m 5[2mms[22m[39m
 [32m鉁?[39m src/services/__tests__/biasDetector.test.ts[2m > [22mbiasDetector[2m > [22mreturns empty when fewer than 5 entries (sample-size guard)[32m 1[2mms[22m[39m
 [32m鉁?[39m src/services/__tests__/biasDetector.test.ts[2m > [22mbiasDetector[2m > [22mdetects overconfidence bias when avg confidence far exceeds correct rate[32m 1[2mms[22m[39m
 [32m鉁?[39m src/services/__tests__/biasDetector.test.ts[2m > [22mbiasDetector[2m > [22mdoes not detect overconfidence when correct rate is high[32m 1[2mms[22m[39m
 [32m鉁?[39m src/services/__tests__/biasDetector.test.ts[2m > [22mbiasDetector[2m > [22mdetects loss aversion when holding losers too long[32m 1[2mms[22m[39m
 [32m鉁?[39m src/services/__tests__/biasDetector.test.ts[2m > [22mbiasDetector[2m > [22mdoes not detect loss aversion with fewer than 3 bad holds[32m 0[2mms[22m[39m
 [32m鉁?[39m src/services/__tests__/biasDetector.test.ts[2m > [22mbiasDetector[2m > [22mdetects recency bias when buy incorrect rate exceeds 60%[32m 1[2mms[22m[39m
 [32m鉁?[39m src/services/__tests__/biasDetector.test.ts[2m > [22mbiasDetector[2m > [22mcan detect multiple biases simultaneously[32m 3[2mms[22m[39m
 [32m鉁?[39m src/test/dataIntegrity.test.ts[2m > [22mData Integrity and Verification Tests[2m > [22mshould correctly parse AgentDiscussion with dataVerification and references[32m 8[2mms[22m[39m
 [32m鉁?[39m src/test/dataIntegrity.test.ts[2m > [22mData Integrity and Verification Tests[2m > [22mshould correctly parse the new 5-layer decision engine fields[32m 2[2mms[22m[39m
 [32m鉁?[39m src/test/dataIntegrity.test.ts[2m > [22mData Integrity and Verification Tests[2m > [22mshould correctly parse StockAnalysis with dataVerification[32m 1[2mms[22m[39m
 [32m鉁?[39m src/stores/__tests__/useConfigStore.test.ts[2m > [22museConfigStore[2m > [22mshould have initial token usage at zero[32m 5[2mms[22m[39m
 [32m鉁?[39m src/stores/__tests__/useConfigStore.test.ts[2m > [22museConfigStore[2m > [22mshould accumulate token usage[32m 1[2mms[22m[39m
 [32m鉁?[39m src/stores/__tests__/useConfigStore.test.ts[2m > [22museConfigStore[2m > [22mshould handle partial token usage updates[32m 1[2mms[22m[39m
 [32m鉁?[39m src/stores/__tests__/useConfigStore.test.ts[2m > [22museConfigStore[2m > [22mshould set and persist config[32m 3[2mms[22m[39m
 [32m鉁?[39m src/stores/__tests__/useConfigStore.test.ts[2m > [22museConfigStore[2m > [22mshould set available models[32m 2[2mms[22m[39m
 [32m鉁?[39m src/stores/__tests__/useConfigStore.test.ts[2m > [22museConfigStore[2m > [22mshould set and persist feishu webhook[32m 1[2mms[22m[39m
 [32m鉁?[39m src/services/__tests__/backtestService.test.ts[2m > [22mbacktestService[2m > [22mperformBacktest[2m > [22mshould return null when no previous analysis[32m 7[2mms[22m[39m
 [32m鉁?[39m src/services/__tests__/backtestService.test.ts[2m > [22mbacktestService[2m > [22mperformBacktest[2m > [22mshould detect Target Hit when current price >= previous target[32m 1[2mms[22m[39m
 [32m鉁?[39m src/services/__tests__/backtestService.test.ts[2m > [22mbacktestService[2m > [22mperformBacktest[2m > [22mshould detect Stop Loss Hit when current price <= previous stop[32m 1[2mms[22m[39m
 [32m鉁?[39m src/services/__tests__/backtestService.test.ts[2m > [22mbacktestService[2m > [22mperformBacktest[2m > [22mshould detect In Progress with correct direction[32m 1[2mms[22m[39m
 [32m鉁?[39m src/services/__tests__/backtestService.test.ts[2m > [22mbacktestService[2m > [22mperformBacktest[2m > [22mshould detect In Progress with wrong direction[32m 1[2mms[22m[39m
 [32m鉁?[39m src/services/__tests__/backtestService.test.ts[2m > [22mbacktestService[2m > [22mperformBacktest[2m > [22mshould calculate return percentage[32m 0[2mms[22m[39m
 [32m鉁?[39m src/services/__tests__/backtestService.test.ts[2m > [22mbacktestService[2m > [22mperformBacktest[2m > [22mshould handle negative returns[32m 0[2mms[22m[39m
 [32m鉁?[39m src/services/__tests__/backtestService.test.ts[2m > [22mbacktestService[2m > [22mperformBacktest[2m > [22mshould include learning point[32m 1[2mms[22m[39m
 [32m鉁?[39m src/services/__tests__/backtestService.test.ts[2m > [22mbacktestService[2m > [22mperformBacktest[2m > [22mshould handle missing trading plan gracefully[32m 1[2mms[22m[39m
[90mstderr[2m | src/serv
ices/discussion/__tests__/
multiRoundDiscussion.test.
ts[2m > [22m[2mstartMul
tiRoundDiscussion[2m > [
22m[2mhandles expert stru
ctured data extraction
[22m[39mFailed to fetch 
history context: TypeError
: response.text is not a f
unction
    at getHistoryContext (
D:/zily/ai_studio/refactor
-ai-daily-/src/services/ad
minService.ts:12:35)
    at getPreviousStockAna
lysis (D:/zily/ai_studio/r
efactor-ai-daily-/src/serv
ices/adminService.ts:31:21
)
    at Module.startMultiRo
undDiscussion (D:/zily/ai_
studio/refactor-ai-daily-/
src/services/discussionSer
vice.ts:66:28)
    at D:/zily/ai_studio/r
efactor-ai-daily-/src/serv
ices/discussion/__tests__/
multiRoundDiscussion.test.
ts:217:20
    at [90mfile:///D:/zil
y/ai_studio/refactor-ai-da
ily-/[39mnode_modules/[4
m@vitest/runner[24m/dist/
chunk-artifact.js:1893:20

 [31m脳[39m src/services/discussion/__tests__/multiRoundDiscussion.test.ts[2m > [22mstartMultiRoundDiscussion[2m > [22mround numbers are assigned to messages[33m 4055[2mms[22m[39m
[31m   鈫?Cannot read properties of undefined (reading 'entries')[39m
 [32m鉁?[39m src/services/__tests__/undoManager.test.ts[2m > [22mUndoManager[2m > [22mhas no previous state initially[32m 4[2mms[22m[39m
 [32m鉁?[39m src/services/__tests__/undoManager.test.ts[2m > [22mUndoManager[2m > [22msaves and restores previous state[32m 2[2mms[22m[39m
 [32m鉁?[39m src/services/__tests__/undoManager.test.ts[2m > [22mUndoManager[2m > [22mclears previous state after restore[32m 1[2mms[22m[39m
 [32m鉁?[39m src/services/__tests__/undoManager.test.ts[2m > [22mUndoManager[2m > [22moverwrites previous save (only 1 level of undo)[32m 0[2mms[22m[39m
 [32m鉁?[39m src/services/__tests__/undoManager.test.ts[2m > [22mUndoManager[2m > [22mpeek reads without consuming[32m 6[2mms[22m[39m
 [32m鉁?[39m src/services/__tests__/undoManager.test.ts[2m > [22mUndoManager[2m > [22mclear removes saved state[32m 1[2mms[22m[39m
 [32m鉁?[39m src/services/__tests__/watchlistService.test.ts[2m > [22mwatchlistService[2m > [22mdetectWatchlistAlert[2m > [22mreturns null when no previous score[32m 4[2mms[22m[39m
 [32m鉁?[39m src/services/__tests__/watchlistService.test.ts[2m > [22mwatchlistService[2m > [22mdetectWatchlistAlert[2m > [22mreturns null when score change is below threshold[32m 1[2mms[22m[39m
 [32m鉁?[39m src/services/__tests__/watchlistService.test.ts[2m > [22mwatchlistService[2m > [22mdetectWatchlistAlert[2m > [22mdetects score drop exceeding threshold[32m 1[2mms[22m[39m
 [32m鉁?[39m src/services/__tests__/watchlistService.test.ts[2m > [22mwatchlistService[2m > [22mdetectWatchlistAlert[2m > [22mdetects score rise exceeding threshold[32m 1[2mms[22m[39m
 [32m鉁?[39m src/services/__tests__/watchlistService.test.ts[2m > [22mwatchlistService[2m > [22mdetectWatchlistAlert[2m > [22muses the most recent score for comparison[32m 0[2mms[22m[39m
 [32m鉁?[39m src/services/__tests__/watchlistService.test.ts[2m > [22mwatchlistService[2m > [22mdetectWatchlistAlert[2m > [22mrespects custom alert threshold[32m 0[2mms[22m[39m
 [32m鉁?[39m src/services/__tests__/watchlistService.test.ts[2m > [22mwatchlistService[2m > [22mdetectWatchlistAlert[2m > [22malert has correct structure[32m 1[2mms[22m[39m
 [32m鉁?[39m src/services/discussion/__tests__/skipRules.test.ts[2m > [22mskipRules[2m > [22mreturns no skip roles for stock[32m 3[2mms[22m[39m
 [32m鉁?[39m src/services/discussion/__tests__/skipRules.test.ts[2m > [22mskipRules[2m > [22mskips Deep Research + Fundamental for ETF[32m 2[2mms[22m[39m
 [32m鉁?[39m src/services/discussion/__tests__/skipRules.test.ts[2m > [22mskipRules[2m > [22mskips Deep Research + Fundamental for index[32m 1[2mms[22m[39m
 [32m鉁?[39m src/services/discussion/__tests__/skipRules.test.ts[2m > [22mskipRules[2m > [22mskips Technical Analyst for bond[32m 0[2mms[22m[39m
 [32m鉁?[39m src/services/__tests__/formatUtils.test.ts[2m > [22mformatUtils[2m > [22mformatCommoditiesToMarkdown[2m > [22mshould return placeholder for empty array[32m 3[2mms[22m[39m
 [32m鉁?[39m src/services/__tests__/formatUtils.test.ts[2m > [22mformatUtils[2m > [22mformatCommoditiesToMarkdown[2m > [22mshould return placeholder for null/undefined[32m 0[2mms[22m[39m
 [32m鉁?[39m src/services/__tests__/formatUtils.test.ts[2m > [22mformatUtils[2m > [22mformatCommoditiesToMarkdown[2m > [22mshould format single commodity as markdown table[32m 1[2mms[22m[39m
 [32m鉁?[39m src/services/__tests__/formatUtils.test.ts[2m > [22mformatUtils[2m > [22mformatCommoditiesToMarkdown[2m > [22mshould format negative change correctly[32m 0[2mms[22m[39m
 [32m鉁?[39m src/services/__tests__/formatUtils.test.ts[2m > [22mformatUtils[2m > [22mformatCommoditiesToMarkdown[2m > [22mshould format multiple commodities[32m 1[2mms[22m[39m
 [32m鉁?[39m src/test/marketStore.test.ts[2m > [22mMarketStore Caching Logic[2m > [22mshould store separate data for different markets[32m 3[2mms[22m[39m
 [32m鉁?[39m src/test/marketStore.test.ts[2m > [22mMarketStore Caching Logic[2m > [22mshould track update times per market[32m 1[2mms[22m[39m
 [32m鉁?[39m src/services/__tests__/quickScanPrompt.test.ts[2m > [22mgetQuickScanPrompt[2m > [22mcontains the symbol[32m 2[2mms[22m[39m
 [32m鉁?[39m src/services/__tests__/quickScanPrompt.test.ts[2m > [22mgetQuickScanPrompt[2m > [22mcontains the market[32m 0[2mms[22m[39m
 [32m鉁?[39m src/services/__tests__/quickScanPrompt.test.ts[2m > [22mgetQuickScanPrompt[2m > [22mcontains realtime data[32m 0[2mms[22m[39m
 [32m鉁?[39m src/services/__tests__/quickScanPrompt.test.ts[2m > [22mgetQuickScanPrompt[2m > [22mcontains date[32m 0[2mms[22m[39m
 [32m鉁?[39m src/services/__tests__/quickScanPrompt.test.ts[2m > [22mgetQuickScanPrompt[2m > [22mrequests simplified JSON output fields[32m 0[2mms[22m[39m
 [32m鉁?[39m src/services/__tests__/quickScanPrompt.test.ts[2m > [22mgetQuickScanPrompt[2m > [22mis shorter than the full analysis prompt[32m 0[2mms[22m[39m
 [31m脳[39m src/services/discussion/__tests__/multiRoundDiscussion.test.ts[2m > [22mstartMultiRoundDiscussion[2m > [22mhandles expert structured data extraction[33m 4049[2mms[22m[39m
[31m   鈫?Cannot read properties of undefined (reading 'entries')[39m

[31m鈳幆鈳幆鈳幆[39m[1m[4
1m Failed Tests 18 [49m[
22m[31m鈳幆鈳幆鈳幆鈳?[39m

[41m[1m FAIL [22m[49m 
src/test/commodityPrompt.t
est.ts[2m > [22mAI Discu
ssion Commodity Data Integ
ration[2m > [22mshould i
nclude real-time commodity
 data in the prompt
[41m[1m FAIL [22m[49m 
src/test/commodityPrompt.t
est.ts[2m > [22mAI Discu
ssion Commodity Data Integ
ration[2m > [22mshould f
etch commodities from the 
correct API endpoint
[41m[1m FAIL [22m[49m 
src/test/deepResearchSpeci
alist.test.ts[2m > [22mD
eep Research Specialist Pr
ompt Requirements[2m > [
22mshould contain dynamic 
indicator selection and cr
oss-verification instructi
ons
[41m[1m FAIL [22m[49m 
src/services/discussion/__
tests__/multiRoundDiscussi
on.test.ts[2m > [22mstar
tMultiRoundDiscussion[2m 
> [22mdeep mode calls exp
erts following [DR 鈫?TA+FA
 鈫?SA+RM+CS 鈫?Reviewer] 脳3
 鈫?CS pattern
[41m[1m FAIL [22m[49m 
src/services/discussion/__
tests__/multiRoundDiscussi
on.test.ts[2m > [22mstar
tMultiRoundDiscussion[2m 
> [22mstandard mode runs 
single iteration (no repet
ition)
[41m[1m FAIL [22m[49m 
src/services/discussion/__
tests__/multiRoundDiscussi
on.test.ts[2m > [22mstar
tMultiRoundDiscussion[2m 
> [22mmessages accumulate
 across rounds (each exper
t sees previous messages)
[41m[1m FAIL [22m[49m 
src/services/discussion/__
tests__/multiRoundDiscussi
on.test.ts[2m > [22mstar
tMultiRoundDiscussion[2m 
> [22mrespects abort sign
al
[41m[1m FAIL [22m[49m 
src/services/discussion/__
tests__/multiRoundDiscussi
on.test.ts[2m > [22mstar
tMultiRoundDiscussion[2m 
> [22muses googleSearch t
ool instead of responseSch
ema
[41m[1m FAIL [22m[49m 
src/services/discussion/__
tests__/multiRoundDiscussi
on.test.ts[2m > [22mstar
tMultiRoundDiscussion[2m 
> [22mround numbers are a
ssigned to messages
[41m[1m FAIL [22m[49m 
src/services/discussion/__
tests__/multiRoundDiscussi
on.test.ts[2m > [22mstar
tMultiRoundDiscussion[2m 
> [22mhandles expert stru
ctured data extraction
[31m[1mTypeError[22m: C
annot read properties of u
ndefined (reading 'entries
')[39m
[90m [2m鉂?[22m new HttpR
esponse node_modules/@goog
le/genai/src/types.ts:[2m
2752:40[22m[39m
[90m [2m鉂?[22m node_modu
les/@google/genai/src/_api
_client.ts:[2m560:15[22m
[39m

[31m[2m鈳幆鈳幆鈳幆鈳幆鈳幆鈳
幆鈳幆鈳幆鈳幆鈳幆鈳幆鈳痆1/18]鈳?[
22m[39m

[41m[1m FAIL [22m[49m 
src/services/discussion/__
tests__/expertPrompts.test
.ts[2m > [22mexpertPromp
ts[2m > [22mgetExpertRes
ponseSchema[2m > [22mret
urns schema for Deep Resea
rch Specialist
[41m[1m FAIL [22m[49m 
src/services/discussion/__
tests__/expertPrompts.test
.ts[2m > [22mexpertPromp
ts[2m > [22mgetExpertRes
ponseSchema[2m > [22mret
urns schema for Technical 
Analyst
[41m[1m FAIL [22m[49m 
src/services/discussion/__
tests__/expertPrompts.test
.ts[2m > [22mexpertPromp
ts[2m > [22mgetExpertRes
ponseSchema[2m > [22mret
urns schema for Fundamenta
l Analyst
[41m[1m FAIL [22m[49m 
src/services/discussion/__
tests__/expertPrompts.test
.ts[2m > [22mexpertPromp
ts[2m > [22mgetExpertRes
ponseSchema[2m > [22mret
urns schema for Sentiment 
Analyst
[41m[1m FAIL [22m[49m 
src/services/discussion/__
tests__/expertPrompts.test
.ts[2m > [22mexpertPromp
ts[2m > [22mgetExpertRes
ponseSchema[2m > [22mret
urns schema for Risk Manag
er
[41m[1m FAIL [22m[49m 
src/services/discussion/__
tests__/expertPrompts.test
.ts[2m > [22mexpertPromp
ts[2m > [22mgetExpertRes
ponseSchema[2m > [22mret
urns schema for Contrarian
 Strategist
[41m[1m FAIL [22m[49m 
src/services/discussion/__
tests__/expertPrompts.test
.ts[2m > [22mexpertPromp
ts[2m > [22mgetExpertRes
ponseSchema[2m > [22mret
urns schema for Profession
al Reviewer
[41m[1m FAIL [22m[49m 
src/services/discussion/__
tests__/expertPrompts.test
.ts[2m > [22mexpertPromp
ts[2m > [22mgetExpertRes
ponseSchema[2m > [22mret
urns schema for Chief Stra
tegist
[31m[1mAssertionError[2
2m: expected 'OBJECT' to b
e 'object' // Object.is eq
uality[39m

Expected: [32m"object"[3
9m
Received: [31m"OBJECT"[3
9m

[36m [2m鉂?[22m src/servi
ces/discussion/__tests__/e
xpertPrompts.test.ts:[2m9
4:27[22m[39m
    [90m 92|[39m       
[35mconst[39m schema [33
m=[39m [34mgetExpertResp
onseSchema[39m(role)[33m
;[39m
    [90m 93|[39m       
[34mexpect[39m(schema)[3
3m.[39m[34mtoBeDefined[
39m()[33m;[39m
    [90m 94|[39m       
[34mexpect[39m(schema[33
m.[39mtype)[33m.[39m[3
4mtoBe[39m([32m'object'
[39m)[33m;[39m
    [90m   |[39m        
                   [31m^
[39m
    [90m 95|[39m       
[34mexpect[39m(schema[33
m.[39mproperties)[33m.[
39m[34mtoBeDefined[39m()
[33m;[39m
    [90m 96|[39m     })
[33m;[39m

[31m[2m鈳幆鈳幆鈳幆鈳幆鈳幆鈳
幆鈳幆鈳幆鈳幆鈳幆鈳幆鈳痆2/18]鈳?[
22m[39m


[2m Test Files [22m [1m[31m4 failed[39m[22m[2m | [22m[1m[32m41 passed[39m[22m[90m (45)[39m
[2m      Tests [22m [1m[31m18 failed[39m[22m[2m | [22m[1m[32m360 passed[39m[22m[90m (378)[39m
[2m   Start at [22m 22:22:49
[2m   Duration [22m 34.63s[2m (transform 3.92s, setup 15.30s, import 11.63s, tests 36.56s, environment 129.39s)[22m

